******************************************************************************
                  TI ARM Linker PC v18.12.3                    
******************************************************************************
>> Linked Thu Jan 23 17:02:51 2025

OUTPUT FILE NAME:   <PR12.out>
ENTRY POINT SYMBOL: "_c_int00"  address: 00004fa5


MEMORY CONFIGURATION

         name            origin    length      used     unused   attr    fill
----------------------  --------  ---------  --------  --------  ----  --------
  FLASH                 00000000   00040000  0000987b  00036785  R  X
  SRAM                  20000000   00008000  00004a94  0000356c  RW X


SEGMENT ALLOCATION MAP

run origin  load origin   length   init length attrs members
----------  ----------- ---------- ----------- ----- -------
00000000    00000000    00009888   00009888    r-x
  00000000    00000000    0000003c   0000003c    r-- .resetVecs
  00000040    00000040    00006b2a   00006b2a    r-x .text
  00006b6c    00006b6c    00002a6d   00002a6d    r-- .const
  000095e0    000095e0    000002a8   000002a8    r-- .cinit
20000380    20000380    00004738   00000000    rw-
  20000380    20000380    00003cb0   00000000    rw- .bss
  20004030    20004030    00000684   00000000    rw- .data
  200046b8    200046b8    00000400   00000000    rw- .stack


SECTION ALLOCATION MAP

 output                                  attributes/
section   page    origin      length       input sections
--------  ----  ----------  ----------   ----------------
.text      0    00000040    00006b2a     
                  00000040    00000430     sysbios.aem4f : BIOS.obj (.text:ti_sysbios_family_arm_m3_Hwi_excDumpRegs__I)
                  00000470    0000032c     ti.targets.arm.rtsarm.aem4f : System.oem4f (.text:xdc_runtime_System_doPrint__I)
                  0000079c    00000004     rtsv7M4_T_le_v4SPD16_eabi.lib : exit.c.obj (.text:abort:abort)
                  000007a0    000002f0     sysbios.aem4f : BIOS.obj (.text:ti_sysbios_knl_Semaphore_pend__E)
                  00000a90    0000023c                   : BIOS.obj (.text:ti_sysbios_heaps_HeapMem_freeUnprotected__E)
                  00000ccc    00000004     app_pem4f.oem4f (.text:ti_sysbios_BIOS_RtsGateProxy_enter__E)
                  00000cd0    00000234     sysbios.aem4f : BIOS.obj (.text:ti_sysbios_knl_Task_Instance_finalize__E)
                  00000f04    00000004     app_pem4f.oem4f (.text:ti_sysbios_BIOS_RtsGateProxy_leave__E)
                  00000f08    00000200     sysbios.aem4f : BIOS.obj (.text:ti_sysbios_heaps_HeapMem_allocUnprotected__E)
                  00001108    000001f4                   : BIOS.obj (.text:ti_sysbios_family_arm_m3_Hwi_excHandlerMax__I)
                  000012fc    00000004                   : BIOS.obj (.text:ti_sysbios_family_arm_lm4_Timer_masterEnable__I)
                  00001300    000001c8                   : BIOS.obj (.text:ti_sysbios_knl_Task_Instance_init__E)
                  000014c8    000001a0                   : BIOS.obj (.text:ti_sysbios_family_arm_m3_Hwi_excUsageFault__I)
                  00001668    00000178                   : BIOS.obj (.text:ti_sysbios_family_arm_lm4_TimestampProvider_get64__E)
                  000017e0    00000174                   : BIOS.obj (.text:ti_sysbios_family_arm_m3_Hwi_excBusFault__I)
                  00001954    00000004     app_pem4f.oem4f (.text:ti_sysbios_family_arm_m3_TaskSupport_Module__startupDone__S)
                  00001958    00000170     sysbios.aem4f : BIOS.obj (.text:ti_sysbios_family_arm_lm4_Timer_start__E)
                  00001ac8    00000148                   : BIOS.obj (.text:ti_sysbios_family_arm_m3_Hwi_excMemFault__I)
                  00001c10    00000144                   : BIOS.obj (.text:ti_sysbios_knl_Clock_workFunc__E)
                  00001d54    00000004     app_pem4f.oem4f (.text:ti_sysbios_hal_Hwi_HwiProxy_create)
                  00001d58    00000140     sysbios.aem4f : BIOS.obj (.text:ti_sysbios_family_arm_m3_Hwi_dispatchC__I)
                  00001e98    0000013c                   : BIOS.obj (.text:ti_sysbios_heaps_HeapMem_Instance_init__E)
                  00001fd4    00000004     app_pem4f.oem4f (.text:ti_sysbios_hal_Hwi_HwiProxy_delete)
                  00001fd8    0000013c     sysbios.aem4f : BIOS.obj (.text:ti_sysbios_knl_Semaphore_post__E)
                  00002114    0000013c     ti.targets.arm.rtsarm.aem4f : LoggerBuf.oem4f (.text:xdc_runtime_LoggerBuf_write8__E)
                  00002250    00000138     app_pem4f.oem4f (.text:ti_uia_loggers_LoggerStopMode_writeMemoryRange__E)
                  00002388    00000130     ti.targets.arm.rtsarm.aem4f : Error.oem4f (.text:xdc_runtime_Error_policyDefault__E)
                  000024b8    00000120     sysbios.aem4f : BIOS.obj (.text:ti_sysbios_knl_Swi_run__I)
                  000025d8    0000011c                   : BIOS.obj (.text:ti_sysbios_knl_Clock_Instance_init__E)
                  000026f4    0000010c     app_pem4f.oem4f (.text:ti_uia_loggers_LoggerStopMode_write8__E)
                  00002800    00000106     app_pem4f.oem4f (.text:xdc_runtime_System_printfExtend__I)
                  00002906    00000002     rtsv7M4_T_le_v4SPD16_eabi.lib : _lock.c.obj (.text:_nop)
                  00002908    00000100     Boot.aem4f : Boot_sysctl.oem4f (.text:ti_catalog_arm_cortexm4_tiva_ce_Boot_sysCtlClockSetI__I)
                  00002a08    000000f8     ti.targets.arm.rtsarm.aem4f : Startup.oem4f (.text:xdc_runtime_Startup_startMods__I)
                  00002b00    000000f4     sysbios.aem4f : m3_Hwi_asm.obj (.text:ti_sysbios_family_arm_m3_Hwi_dispatch__I)
                  00002bf4    000000f4     app_pem4f.oem4f (.text:ti_uia_loggers_LoggerStopMode_write4__E)
                  00002ce8    000000e8     sysbios.aem4f : BIOS.obj (.text:ti_sysbios_family_arm_m3_TaskSupport_start__E)
                  00002dd0    000000e8     app_pem4f.oem4f (.text:ti_uia_loggers_LoggerStopMode_write1__E)
                  00002eb8    000000e8     app_pem4f.oem4f (.text:ti_uia_loggers_LoggerStopMode_write2__E)
                  00002fa0    000000e8     ti.targets.arm.rtsarm.aem4f : Core-mem.oem4f (.text:xdc_runtime_Core_createObject__I)
                  00003088    000000dc                                 : LoggerBuf.oem4f (.text:xdc_runtime_LoggerBuf_write4__E)
                  00003164    00000004     app_pem4f.oem4f (.text:ti_sysbios_heaps_HeapMem_Module_GateProxy_enter__E)
                  00003168    000000d8     sysbios.aem4f : BIOS.obj (.text:ti_sysbios_family_arm_lm4_TimestampProvider_get32__E)
                  00003240    000000d8     app_pem4f.oem4f (.text:ti_uia_loggers_LoggerStopMode_write0__E)
                  00003318    000000d0     sysbios.aem4f : BIOS.obj (.text:ti_sysbios_knl_Task_schedule__I)
                  000033e8    000000cc     ti.targets.arm.rtsarm.aem4f : Core-smem.oem4f (.text:xdc_runtime_Core_constructObject__I)
                  000034b4    000000c8     indep.obj (.text:main)
                  0000357c    00000004     app_pem4f.oem4f (.text:ti_sysbios_heaps_HeapMem_Module_GateProxy_leave__E)
                  00003580    000000bc     sysbios.aem4f : BIOS.obj (.text:ti_sysbios_family_arm_m3_Hwi_excDebugMon__I)
                  0000363c    00000004     app_pem4f.oem4f (.text:ti_sysbios_knl_Clock_TimerProxy_getMaxTicks__E)
                  00003640    000000bc     sysbios.aem4f : BIOS.obj (.text:ti_sysbios_family_arm_m3_Hwi_excHardFault__I)
                  000036fc    00000004     app_pem4f.oem4f (.text:ti_sysbios_knl_Clock_TimerProxy_getPeriod__E)
                  00003700    000000bc     sysbios.aem4f : BIOS.obj (.text:ti_sysbios_knl_Task_startCore__E)
                  000037bc    00000004     ti.uia.loggers.aem4f : LoggerStopMode.oem4f (.text:ti_uia_loggers_LoggerStopMode_getContents__E)
                  000037c0    000000bc     sysbios.aem4f : BIOS.obj (.text:ti_sysbios_utils_Load_updateLoads__E)
                  0000387c    00000004     app_pem4f.oem4f (.text:ti_uia_loggers_LoggerStopMode_getFilterLevel__E)
                  00003880    000000b4     sysbios.aem4f : BIOS.obj (.text:ti_sysbios_gates_GateMutex_enter__E)
                  00003934    00000004     ti.uia.loggers.aem4f : LoggerStopMode.oem4f (.text:ti_uia_loggers_LoggerStopMode_getInstanceId__E)
                  00003938    000000b4     sysbios.aem4f : BIOS.obj (.text:ti_sysbios_knl_Task_checkStacks__E)
                  000039ec    00000004     ti.uia.loggers.aem4f : LoggerStopMode.oem4f (.text:ti_uia_loggers_LoggerStopMode_getMaxLength__E)
                  000039f0    000000b0     sysbios.aem4f : BIOS.obj (.text:ti_sysbios_family_arm_lm4_Timer_enableTiva__I)
                  00003aa0    000000b0                   : BIOS.obj (.text:ti_sysbios_knl_Task_postInit__I)
                  00003b50    000000b0                   : BIOS.obj (.text:ti_sysbios_utils_Load_idleFxn__E)
                  00003c00    000000ac     indep.obj (.text:periodicTaskFunc)
                  00003cac    00000004     ti.uia.loggers.aem4f : LoggerStopMode.oem4f (.text:ti_uia_loggers_LoggerStopMode_getPriority__E)
                  00003cb0    000000ac     sysbios.aem4f : BIOS.obj (.text:ti_sysbios_family_arm_m3_Hwi_Instance_init__E)
                  00003d5c    00000004     ti.uia.loggers.aem4f : LoggerStopMode.oem4f (.text:ti_uia_loggers_LoggerStopMode_getTransferType__E)
                  00003d60    000000ac     sysbios.aem4f : BIOS.obj (.text:ti_sysbios_knl_Swi_post__E)
                  00003e0c    00000004     ti.targets.arm.rtsarm.aem4f : Error.oem4f (.text:xdc_runtime_Error_getSite__E)
                  00003e10    000000a8     sysbios.aem4f : BIOS.obj (.text:ti_sysbios_family_arm_lm4_Timer_enableTimers__I)
                  00003eb8    000000a8                   : BIOS.obj (.text:ti_sysbios_knl_Task_blockI__E)
                  00003f60    000000a2     ti.targets.arm.rtsarm.aem4f : Text.oem4f (.text:xdc_runtime_Text_putSite__E)
                  00004002    00000002     rtsv7M4_T_le_v4SPD16_eabi.lib : div0.asm.obj (.text)
                  00004004    000000a0     auto_init.aem4f : auto_init.oem4f (.text)
                  000040a4    0000009c     rtsv7M4_T_le_v4SPD16_eabi.lib : memcpy_t2.asm.obj (.text)
                  00004140    0000009c     sysbios.aem4f : BIOS.obj (.text:ti_sysbios_knl_Semaphore_Instance_init__E)
                  000041dc    0000009c     ti.targets.arm.rtsarm.aem4f : LoggerBuf.oem4f (.text:xdc_runtime_LoggerBuf_setFilterLevel__E)
                  00004278    00000098     Boot.aem4f : Boot.oem4f (.text:ti_catalog_arm_cortexm4_tiva_ce_Boot_sysCtlClockSet__E)
                  00004310    00000098     sysbios.aem4f : BIOS.obj (.text:ti_sysbios_knl_Task_exit__E)
                  000043a8    00000098     ti.targets.arm.rtsarm.aem4f : Text.oem4f (.text:xdc_runtime_Text_putMod__E)
                  00004440    00000094     indep.obj (.text:InitUart)
                  000044d4    00000004     app_pem4f.oem4f (.text:xdc_runtime_LoggerBuf_Module_GateProxy_enter__E)
                  000044d8    00000094     sysbios.aem4f : BIOS.obj (.text:ti_sysbios_family_arm_m3_Hwi_initNVIC__E)
                  0000456c    00000004     app_pem4f.oem4f (.text:xdc_runtime_LoggerBuf_Module_GateProxy_leave__E)
                  00004570    00000094     sysbios.aem4f : BIOS.obj (.text:ti_sysbios_knl_Task_unblockI__E)
                  00004604    00000090     ti.uia.loggers.aem4f : LoggerStopMode.oem4f (.text:ti_uia_loggers_LoggerStopMode_initQueueDescriptor__E)
                  00004694    00000004     app_pem4f.oem4f (.text:xdc_runtime_System_Module_GateProxy_enter__E)
                  00004698    00000088     sysbios.aem4f : BIOS.obj (.text:ti_sysbios_knl_Mailbox_Module_startup__E)
                  00004720    00000084                   : BIOS.obj (.text:ti_sysbios_family_arm_m3_Hwi_postInit__I)
                  000047a4    0000007c     indep.obj (.text:GPSInt)
                  00004820    0000007a     rtsv7M4_T_le_v4SPD16_eabi.lib : memset_t2.asm.obj (.text)
                  0000489a    00000006     Boot.aem4f : Boot_sysctl.oem4f (.text:ti_catalog_arm_cortexm4_tiva_ce_Boot_sysCtlDelayI__I)
                  000048a0    00000074     sysbios.aem4f : BIOS.obj (.text:ti_sysbios_knl_Clock_start__E)
                  00004914    00000074     ti.uia.runtime.aem4f : QueueDescriptor.oem4f (.text:ti_uia_runtime_QueueDescriptor_addToList__E)
                  00004988    00000074     ti.targets.arm.rtsarm.aem4f : LoggerBuf.oem4f (.text:xdc_runtime_LoggerBuf_getFilterLevel__E)
                  000049fc    00000070                                 : Error.oem4f (.text:xdc_runtime_Error_print__E)
                  00004a6c    00000070                                 : Memory.oem4f (.text:xdc_runtime_Memory_alloc__E)
                  00004adc    0000006d                                 : System.oem4f (.text:xdc_runtime_System_formatNum__I)
                  00004b49    00000001     --HOLE-- [fill = 0]
                  00004b4a    00000006                                 : System.oem4f (.text:xdc_runtime_System_Module_startup__E)
                  00004b50    0000006c     sysbios.aem4f : BIOS.obj (.text:ti_sysbios_knl_Swi_restoreHwi__E)
                  00004bbc    00000068     rtsv7M4_T_le_v4SPD16_eabi.lib : copy_decompress_lzss.c.obj (.text:decompress:lzss:__TI_decompress_lzss)
                  00004c24    00000066     ti.uia.loggers.aem4f : LoggerStopMode.oem4f (.text:ti_uia_loggers_LoggerStopMode_flush__E)
                  00004c8a    00000066     ti.targets.arm.rtsarm.aem4f : Core-mem.oem4f (.text:xdc_runtime_Core_deleteObject__I)
                  00004cf0    00000064     sysbios.aem4f : BIOS.obj (.text:ti_sysbios_family_arm_lm4_Timer_Module_startup__E)
                  00004d54    00000004     app_pem4f.oem4f (.text:xdc_runtime_System_Module_GateProxy_leave__E)
                  00004d58    00000064     sysbios.aem4f : BIOS.obj (.text:ti_sysbios_knl_Clock_logTick__E)
                  00004dbc    00000004     ti.targets.arm.rtsarm.aem4f : System.oem4f (.text:xdc_runtime_System_aprintf_va__F)
                  00004dc0    00000064     sysbios.aem4f : BIOS.obj (.text:ti_sysbios_utils_Load_logCPULoad__I)
                  00004e24    00000004     ti.targets.arm.rtsarm.aem4f : System.oem4f (.text:xdc_runtime_System_printf_va__F)
                  00004e28    00000060     sysbios.aem4f : BIOS.obj (.text:ti_sysbios_family_arm_lm4_Timer_isrStub__E)
                  00004e88    0000005f     ti.targets.arm.rtsarm.aem4f : Text.oem4f (.text:xdc_runtime_Text_putLab__E)
                  00004ee7    00000001     --HOLE-- [fill = 0]
                  00004ee8    0000005c     sysbios.aem4f : BIOS.obj (.text:ti_sysbios_knl_Swi_schedule__I)
                  00004f44    00000002     app_pem4f.oem4f (.text:ti_sysbios_BIOS_nullFunc__I)
                  00004f46    00000002     app_pem4f.oem4f (.text:ti_uia_loggers_LoggerStopMode_setFilterLevel__E)
                  00004f48    0000005c     sysbios.aem4f : BIOS.obj (.text:ti_sysbios_knl_Task_Module_startup__E)
                  00004fa4    00000058     boot.aem4f : boot.oem4f (.text)
                  00004ffc    00000058     rtsv7M4_T_le_v4SPD16_eabi.lib : hostwrite.c.obj (.text:HOSTwrite)
                  00005054    00000058     sysbios.aem4f : m3_Hwi_asm_switch.obj (.text:ti_sysbios_family_arm_m3_Hwi_initStacks__E)
                  000050ac    00000002     ti.uia.loggers.aem4f : LoggerStopMode.oem4f (.text:ti_uia_loggers_LoggerStopMode_setPriority__E)
                  000050ae    00000002     app_pem4f.oem4f (.text:xdc_runtime_Startup_reset__I)
                  000050b0    00000058     sysbios.aem4f : BIOS.obj (.text:ti_sysbios_heaps_HeapMem_alloc__E)
                  00005108    00000054     app_pem4f.oem4f (.text:ti_sysbios_family_arm_m3_Hwi_create)
                  0000515c    00000054     app_pem4f.oem4f (.text:ti_sysbios_hal_Hwi_create)
                  000051b0    00000050     sysbios.aem4f : BIOS.obj (.text:ti_sysbios_family_arm_m3_Hwi_Module_startup__E)
                  00005200    00000050     app_pem4f.oem4f (.text:ti_sysbios_knl_Task_create)
                  00005250    00000050     ti.targets.arm.rtsarm.aem4f : Startup.oem4f (.text:xdc_runtime_Startup_exec__E)
                  000052a0    00000050                                 : Text.oem4f (.text:xdc_runtime_Text_visitRope2__I)
                  000052f0    0000004c     rtsv7M4_T_le_v4SPD16_eabi.lib : cpy_tbl.c.obj (.text:copy_in)
                  0000533c    00000004     --HOLE-- [fill = 0]
                  00005340    0000004c     sysbios.aem4f : BIOS.obj (.text:ti_sysbios_heaps_HeapMem_getStats__E)
                  0000538c    00000004     --HOLE-- [fill = 0]
                  00005390    0000004c                   : BIOS.obj (.text:ti_sysbios_knl_Swi_runLoop__I)
                  000053dc    00000004     --HOLE-- [fill = 0]
                  000053e0    0000004c                   : BIOS.obj (.text:ti_sysbios_knl_Task_allBlockedFunction__I)
                  0000542c    0000004c     ti.uia.loggers.aem4f : LoggerStopMode.oem4f (.text:ti_uia_loggers_LoggerStopMode_Module_startup__E)
                  00005478    0000004c     ti.targets.arm.rtsarm.aem4f : Assert.oem4f (.text:xdc_runtime_Assert_raise__I)
                  000054c4    00000004     --HOLE-- [fill = 0]
                  000054c8    00000048     sysbios.aem4f : BIOS.obj (.text:ti_sysbios_family_arm_m3_Hwi_disableInterrupt__E)
                  00005510    00000048                   : BIOS.obj (.text:ti_sysbios_family_arm_m3_Hwi_enableInterrupt__E)
                  00005558    00000048                   : BIOS.obj (.text:ti_sysbios_family_arm_m3_Hwi_excReserved__I)
                  000055a0    00000048     ti.targets.arm.rtsarm.aem4f : Core-params.oem4f (.text:xdc_runtime_Core_assignParams__I)
                  000055e8    00000048     app_pem4f.oem4f (.text:xdc_runtime_LoggerBuf_Object__create__S)
                  00005630    00000044     sysbios.aem4f : BIOS.obj (.text:ti_sysbios_family_arm_lm4_Timer_stop__E)
                  00005674    00000004     --HOLE-- [fill = 0]
                  00005678    00000044                   : BIOS.obj (.text:ti_sysbios_family_arm_m3_Hwi_getStackInfo__E)
                  000056bc    00000044     ti.uia.loggers.aem4f : LoggerStopMode.oem4f (.text:ti_uia_loggers_LoggerStopMode_initBuffer__I)
                  00005700    00000044     ti.targets.arm.rtsarm.aem4f : Error.oem4f (.text:xdc_runtime_Error_setX__E)
                  00005744    00000044                                 : LoggerBuf.oem4f (.text:xdc_runtime_LoggerBuf_filterOutEvent__I)
                  00005788    00000044                                 : SysMin.oem4f (.text:xdc_runtime_SysMin_flush__E)
                  000057cc    00000044                                 : Text.oem4f (.text:xdc_runtime_Text_xprintf__I)
                  00005810    00000040     rtsv7M4_T_le_v4SPD16_eabi.lib : u_divt2.asm.obj (.text)
                  00005850    00000040     sysbios.aem4f : BIOS.obj (.text:ti_sysbios_family_arm_lm4_Timer_startup__E)
                  00005890    0000003c                   : BIOS.obj (.text:ti_sysbios_family_arm_m3_Hwi_Instance_finalize__E)
                  000058cc    00000004     --HOLE-- [fill = 0]
                  000058d0    0000003c                   : BIOS.obj (.text:ti_sysbios_family_arm_m3_Hwi_excSvCall__I)
                  0000590c    00000004     --HOLE-- [fill = 0]
                  00005910    0000003c                   : BIOS.obj (.text:ti_sysbios_heaps_HeapMem_init__I)
                  0000594c    0000003c     app_pem4f.oem4f (.text:ti_sysbios_knl_Clock_create)
                  00005988    0000003c     sysbios.aem4f : BIOS.obj (.text:ti_sysbios_knl_Swi_restore__E)
                  000059c4    0000003a     ti.targets.arm.rtsarm.aem4f : LoggerBuf.oem4f (.text:xdc_runtime_LoggerBuf_Instance_init__E)
                  000059fe    00000002     --HOLE-- [fill = 0]
                  00005a00    00000038     rtsv7M4_T_le_v4SPD16_eabi.lib : trgmsg.c.obj (.text:__TI_writemsg)
                  00005a38    00000038     sysbios.aem4f : BIOS.obj (.text:ti_sysbios_family_arm_m3_Hwi_excNoIsr__I)
                  00005a70    00000038                   : BIOS.obj (.text:ti_sysbios_knl_Task_processVitalTaskFlag__I)
                  00005aa8    00000038     ti.targets.arm.rtsarm.aem4f : System.oem4f (.text:xdc_runtime_System_atexit__E)
                  00005ae0    00000034     rtsv7M4_T_le_v4SPD16_eabi.lib : trgmsg.c.obj (.text:__TI_readmsg)
                  00005b14    00000034     indep.obj (.text:sendGpsCommand)
                  00005b48    00000034     sysbios.aem4f : BIOS.obj (.text:ti_sysbios_family_arm_m3_Hwi_excNmi__I)
                  00005b7c    00000004     --HOLE-- [fill = 0]
                  00005b80    00000034                   : BIOS.obj (.text:ti_sysbios_hal_Hwi_checkStack)
                  00005bb4    00000034     app_pem4f.oem4f (.text:ti_sysbios_knl_Semaphore_create)
                  00005be8    00000034     ti.uia.loggers.aem4f : LoggerStopMode.oem4f (.text:ti_uia_loggers_LoggerStopMode_reset__E)
                  00005c1c    00000034     ti.targets.arm.rtsarm.aem4f : SysMin.oem4f (.text:xdc_runtime_SysMin_abort__E)
                  00005c50    00000034                                 : SysMin.oem4f (.text:xdc_runtime_SysMin_putch__E)
                  00005c84    00000004     --HOLE-- [fill = 0]
                  00005c88    00000032     sysbios.aem4f : BIOS.obj (.text:ti_sysbios_hal_Hwi_initStack)
                  00005cba    00000006     --HOLE-- [fill = 0]
                  00005cc0    00000032                   : BIOS.obj (.text:ti_sysbios_knl_Semaphore_pendTimeout__I)
                  00005cf2    00000002     --HOLE-- [fill = 0]
                  00005cf4    00000030     app_pem4f.oem4f (.text:ti_sysbios_BIOS_atExitFunc__I)
                  00005d24    00000030     app_pem4f.oem4f (.text:ti_sysbios_BIOS_startFunc__I)
                  00005d54    00000030     app_pem4f.oem4f (.text:ti_sysbios_gates_GateHwi_Object__create__S)
                  00005d84    00000030     app_pem4f.oem4f (.text:ti_sysbios_gates_GateMutex_Object__create__S)
                  00005db4    00000030     app_pem4f.oem4f (.text:ti_sysbios_heaps_HeapMem_Object__create__S)
                  00005de4    00000004     --HOLE-- [fill = 0]
                  00005de8    00000030     sysbios.aem4f : BIOS.obj (.text:ti_sysbios_heaps_HeapMem_free__E)
                  00005e18    00000030     app_pem4f.oem4f (.text:ti_sysbios_knl_Semaphore_construct)
                  00005e48    00000030     sysbios.aem4f : BIOS.obj (.text:ti_sysbios_knl_Task_restore__E)
                  00005e78    00000030                   : BIOS.obj (.text:ti_sysbios_utils_Load_updateCurrentThreadTime__E)
                  00005ea8    00000030     app_pem4f.oem4f (.text:ti_uia_loggers_LoggerStopMode_Object__create__S)
                  00005ed8    00000030     ti.targets.arm.rtsarm.aem4f : System.oem4f (.text:xdc_runtime_System_processAtExit__E)
                  00005f08    0000002f                                 : Text.oem4f (.text:xdc_runtime_Text_printVisFxn__I)
                  00005f37    00000001     --HOLE-- [fill = 0]
                  00005f38    0000002c     app_pem4f.oem4f (.text:ti_sysbios_family_arm_m3_Hwi_Handle__label__S)
                  00005f64    0000002c     app_pem4f.oem4f (.text:ti_sysbios_gates_GateHwi_Handle__label__S)
                  00005f90    0000002c     app_pem4f.oem4f (.text:ti_sysbios_gates_GateMutex_Handle__label__S)
                  00005fbc    0000002c     app_pem4f.oem4f (.text:ti_sysbios_heaps_HeapMem_Handle__label__S)
                  00005fe8    0000002c     app_pem4f.oem4f (.text:ti_sysbios_knl_Clock_doTick__I)
                  00006014    0000002c     app_pem4f.oem4f (.text:ti_sysbios_knl_Queue_construct)
                  00006040    0000002c     app_pem4f.oem4f (.text:ti_sysbios_knl_Swi_Handle__label__S)
                  0000606c    0000002c     app_pem4f.oem4f (.text:ti_sysbios_knl_Task_Handle__label__S)
                  00006098    0000002c     app_pem4f.oem4f (.text:ti_uia_loggers_LoggerStopMode_Handle__label__S)
                  000060c4    0000002c     app_pem4f.oem4f (.text:xdc_runtime_LoggerBuf_Handle__label__S)
                  000060f0    0000002a     ti.targets.arm.rtsarm.aem4f : System.oem4f (.text:xdc_runtime_System_putchar__I)
                  0000611a    00000002     --HOLE-- [fill = 0]
                  0000611c    00000028     sysbios.aem4f : m3_Hwi_asm.obj (.text:ti_sysbios_family_arm_m3_Hwi_excHandlerAsm__I)
                  00006144    00000004     --HOLE-- [fill = 0]
                  00006148    00000028                   : BIOS.obj (.text:ti_sysbios_knl_Swi_Module_startup__E)
                  00006170    00000028     ti.targets.arm.rtsarm.aem4f : LoggerBuf.oem4f (.text:xdc_runtime_LoggerBuf_Module_startup__E)
                  00006198    00000028                                 : System.oem4f (.text:xdc_runtime_System_avprintf__E)
                  000061c0    00000026     sysbios.aem4f : m3_Hwi_asm.obj (.text:ti_sysbios_family_arm_m3_Hwi_pendSV__I)
                  000061e6    00000026     ti.targets.arm.rtsarm.aem4f : System.oem4f (.text:xdc_runtime_System_vprintf__E)
                  0000620c    00000024     app_pem4f.oem4f (.text:ti_sysbios_BIOS_errorRaiseHook__I)
                  00006230    00000024     app_pem4f.oem4f (.text:ti_sysbios_BIOS_registerRTSLock__I)
                  00006254    00000024     app_pem4f.oem4f (.text:ti_sysbios_BIOS_removeRTSLock__I)
                  00006278    00000024     app_pem4f.oem4f (.text:ti_sysbios_gates_GateMutex_Object__delete__S)
                  0000629c    00000004     --HOLE-- [fill = 0]
                  000062a0    00000024     sysbios.aem4f : BIOS.obj (.text:ti_sysbios_knl_Clock_Module_startup__E)
                  000062c4    00000004     --HOLE-- [fill = 0]
                  000062c8    00000024                   : BIOS.obj (.text:ti_sysbios_knl_Task_restoreHwi__E)
                  000062ec    00000004     --HOLE-- [fill = 0]
                  000062f0    00000022                   : BIOS.obj (.text:ti_sysbios_family_arm_lm4_Timer_write__I)
                  00006312    00000022     app_pem4f.oem4f (.text:xdc_runtime_SysMin_output__I)
                  00006334    00000020     app_pem4f.oem4f (.text:ti_sysbios_BIOS_rtsLock__I)
                  00006354    00000020     app_pem4f.oem4f (.text:ti_sysbios_family_arm_m3_Hwi_Object__delete__S)
                  00006374    00000020     app_pem4f.oem4f (.text:ti_sysbios_gates_GateHwi_Object__delete__S)
                  00006394    00000004     --HOLE-- [fill = 0]
                  00006398    00000020     sysbios.aem4f : BIOS.obj (.text:ti_sysbios_hal_Hwi_Instance_init__E)
                  000063b8    00000020     app_pem4f.oem4f (.text:ti_sysbios_heaps_HeapMem_Object__delete__S)
                  000063d8    00000020     sysbios.aem4f : BIOS.obj (.text:ti_sysbios_knl_Idle_run__E)
                  000063f8    00000020     app_pem4f.oem4f (.text:ti_sysbios_knl_Semaphore_destruct)
                  00006418    00000020     app_pem4f.oem4f (.text:ti_uia_loggers_LoggerStopMode_Object__delete__S)
                  00006438    00000020     app_pem4f.oem4f (.text:xdc_runtime_LoggerBuf_Object__delete__S)
                  00006458    00000020     ti.targets.arm.rtsarm.aem4f : SysMin.oem4f (.text:xdc_runtime_SysMin_Module_startup__E)
                  00006478    0000001e     sysbios.aem4f : m3_Hwi_asm_switch.obj (.text:ti_sysbios_family_xxx_Hwi_switchAndRunFunc)
                  00006496    0000001e     ti.targets.arm.rtsarm.aem4f : LoggerBuf.oem4f (.text:xdc_runtime_LoggerBuf_reset__E)
                  000064b4    00000004     --HOLE-- [fill = 0]
                  000064b8    0000001c     sysbios.aem4f : BIOS.obj (.text:ti_sysbios_family_arm_m3_Hwi_excHandler__I)
                  000064d4    0000001c                   : m3_TaskSupport_asm.obj (.text:ti_sysbios_family_arm_m3_TaskSupport_swap__E)
                  000064f0    0000001c                   : BIOS.obj (.text:ti_sysbios_gates_GateMutex_Instance_init__E)
                  0000650c    0000001c     app_pem4f.oem4f (.text:ti_sysbios_knl_Queue_destruct)
                  00006528    0000001c     sysbios.aem4f : BIOS.obj (.text:ti_sysbios_knl_Task_enter__I)
                  00006544    0000001c     ti.uia.loggers.aem4f : LoggerStopMode.oem4f (.text:ti_uia_loggers_LoggerStopMode_Instance_init__E)
                  00006560    0000001c     ti.targets.arm.rtsarm.aem4f : Error.oem4f (.text:xdc_runtime_Error_check__E)
                  0000657c    0000001c                                 : Error.oem4f (.text:xdc_runtime_Error_raiseX__E)
                  00006598    0000001c                                 : Memory.oem4f (.text:xdc_runtime_Memory_valloc__E)
                  000065b4    0000001c                                 : Registry.oem4f (.text:xdc_runtime_Registry_findById__E)
                  000065d0    0000001c                                 : SysMin.oem4f (.text:xdc_runtime_SysMin_exit__E)
                  000065ec    0000001c                                 : System.oem4f (.text:xdc_runtime_System_abort__E)
                  00006608    0000001c                                 : Text.oem4f (.text:xdc_runtime_Text_ropeText__E)
                  00006624    0000001a     app_pem4f.oem4f (.text:xdc_runtime_System_aprintf__E)
                  0000663e    0000001a     app_pem4f.oem4f (.text:xdc_runtime_System_printf__E)
                  00006658    00000018     rtsv7M4_T_le_v4SPD16_eabi.lib : args_main.c.obj (.text:_args_main)
                  00006670    00000018     app_pem4f.oem4f (.text:ti_sysbios_BIOS_rtsUnlock__I)
                  00006688    00000018     app_pem4f.oem4f (.text:ti_sysbios_family_arm_lm4_Timer_Module__startupDone__F)
                  000066a0    00000018     app_pem4f.oem4f (.text:ti_sysbios_family_arm_m3_Hwi_Module__startupDone__F)
                  000066b8    00000018     sysbios.aem4f : BIOS.obj (.text:ti_sysbios_gates_GateMutex_leave__E)
                  000066d0    00000018     ti.targets.arm.rtsarm.aem4f : Error.oem4f (.text:xdc_runtime_Error_init__E)
                  000066e8    00000018                                 : System.oem4f (.text:xdc_runtime_System_exit__E)
                  00006700    00000016     app_pem4f.oem4f (.text:ti_sysbios_BIOS_exitFunc__I)
                  00006716    00000016     indep.obj (.text:ti_sysbios_hal_Hwi_Params_init)
                  0000672c    00000016     indep.obj (.text:ti_sysbios_knl_Clock_Params_init)
                  00006742    00000016     indep.obj (.text:ti_sysbios_knl_Task_Params_init)
                  00006758    00000016     ti.uia.loggers.aem4f : LoggerStopMode.oem4f (.text:ti_uia_loggers_LoggerStopMode_disable__E)
                  0000676e    00000016                          : LoggerStopMode.oem4f (.text:ti_uia_loggers_LoggerStopMode_enable__E)
                  00006784    00000014     rtsv7M4_T_le_v4SPD16_eabi.lib : strlen.c.obj (.text:strlen)
                  00006798    00000014     app_pem4f.oem4f (.text:ti_sysbios_family_arm_m3_Hwi_Object__get__S)
                  000067ac    00000004     --HOLE-- [fill = 0]
                  000067b0    00000014     sysbios.aem4f : BIOS.obj (.text:ti_sysbios_family_arm_m3_Hwi_switchFromBootStack__E)
                  000067c4    00000014     app_pem4f.oem4f (.text:ti_sysbios_heaps_HeapMem_Object__get__S)
                  000067d8    00000014     app_pem4f.oem4f (.text:ti_sysbios_knl_Swi_Object__get__S)
                  000067ec    00000014     app_pem4f.oem4f (.text:xdc_runtime_LoggerBuf_Object__get__S)
                  00006800    00000012     sysbios.aem4f : BIOS.obj (.text:ti_sysbios_hal_Hwi_Module_startup__E)
                  00006812    00000012     ti.targets.arm.rtsarm.aem4f : LoggerBuf.oem4f (.text:xdc_runtime_LoggerBuf_write1__E)
                  00006824    00000012                                 : LoggerBuf.oem4f (.text:xdc_runtime_LoggerBuf_write2__E)
                  00006836    00000012     app_pem4f.oem4f (.text:xdc_runtime_Startup_exec__I)
                  00006848    00000010     indep.obj (.text:periodic_release)
                  00006858    00000010     sysbios.aem4f : BIOS.obj (.text:ti_sysbios_BIOS_getCpuFreq__E)
                  00006868    00000010                   : BIOS.obj (.text:ti_sysbios_BIOS_setThreadType__E)
                  00006878    00000010                   : BIOS.obj (.text:ti_sysbios_BIOS_start__E)
                  00006888    00000010                   : BIOS.obj (.text:ti_sysbios_family_arm_lm4_TimestampProvider_rolloverFunc__E)
                  00006898    00000010                   : m3_TaskSupport_asm.obj (.text:ti_sysbios_family_arm_m3_TaskSupport_glue)
                  000068a8    00000010                   : BIOS.obj (.text:ti_sysbios_gates_GateMutex_Instance_finalize__E)
                  000068b8    00000010     app_pem4f.oem4f (.text:ti_sysbios_knl_Mailbox_Object__get__S)
                  000068c8    00000010     sysbios.aem4f : BIOS.obj (.text:ti_sysbios_knl_Semaphore_Instance_finalize__E)
                  000068d8    00000010                   : BIOS.obj (.text:ti_sysbios_knl_Swi_disable__E)
                  000068e8    00000010     app_pem4f.oem4f (.text:ti_sysbios_knl_Task_Object__get__S)
                  000068f8    00000010     sysbios.aem4f : BIOS.obj (.text:ti_sysbios_knl_Task_disable__E)
                  00006908    00000010     app_pem4f.oem4f (.text:ti_uia_loggers_LoggerStopMode_Object__get__S)
                  00006918    00000010     ti.uia.loggers.aem4f : LoggerStopMode.oem4f (.text:ti_uia_loggers_LoggerStopMode_isEmpty__E)
                  00006928    00000010     ti.targets.arm.rtsarm.aem4f : Gate.oem4f (.text:xdc_runtime_Gate_leaveSystem__E)
                  00006938    00000010                                 : LoggerBuf.oem4f (.text:xdc_runtime_LoggerBuf_Instance_finalize__E)
                  00006948    00000010                                 : LoggerBuf.oem4f (.text:xdc_runtime_LoggerBuf_write0__E)
                  00006958    00000010                                 : Memory.oem4f (.text:xdc_runtime_Memory_free__E)
                  00006968    00000010                                 : SysMin.oem4f (.text:xdc_runtime_SysMin_ready__E)
                  00006978    00000010                                 : System.oem4f (.text:xdc_runtime_System_vsnprintf__E)
                  00006988    00000010     app_pem4f.oem4f (.text:xdc_runtime_Text_visitRope__I)
                  00006998    0000000e     rtsv7M4_T_le_v4SPD16_eabi.lib : copy_decompress_none.c.obj (.text:decompress:none:__TI_decompress_none)
                  000069a6    00000002     --HOLE-- [fill = 0]
                  000069a8    0000000e     sysbios.aem4f : BIOS.obj (.text:ti_sysbios_knl_Idle_loop__E)
                  000069b6    00000002     --HOLE-- [fill = 0]
                  000069b8    0000000e                   : BIOS.obj (.text:ti_sysbios_knl_Queue_empty__E)
                  000069c6    00000002     --HOLE-- [fill = 0]
                  000069c8    0000000c     app_pem4f.oem4f (.text:.bootCodeSection:ti_catalog_arm_cortexm4_tiva_ce_Boot_init__I)
                  000069d4    0000000c     rtsv7M4_T_le_v4SPD16_eabi.lib : _lock.c.obj (.text:_register_lock)
                  000069e0    0000000c                                   : _lock.c.obj (.text:_register_unlock)
                  000069ec    0000000c                                   : copy_zero_init.c.obj (.text:decompress:ZI:__TI_zero_init)
                  000069f8    0000000c     sysbios.aem4f : BIOS.obj (.text:ti_sysbios_family_arm_lm4_Timer_getMaxTicks__E)
                  00006a04    00000004     --HOLE-- [fill = 0]
                  00006a08    0000000c                   : BIOS.obj (.text:ti_sysbios_family_arm_lm4_TimestampProvider_startTimer__E)
                  00006a14    00000004     --HOLE-- [fill = 0]
                  00006a18    0000000c                   : BIOS.obj (.text:ti_sysbios_family_arm_m3_Hwi_disableFxn__E)
                  00006a24    00000004     --HOLE-- [fill = 0]
                  00006a28    0000000c                   : BIOS.obj (.text:ti_sysbios_family_arm_m3_TaskSupport_checkStack__E)
                  00006a34    00000004     --HOLE-- [fill = 0]
                  00006a38    0000000c                   : BIOS.obj (.text:ti_sysbios_family_arm_m3_TaskSupport_getStackAlignment__E)
                  00006a44    00000004     --HOLE-- [fill = 0]
                  00006a48    0000000c                   : BIOS.obj (.text:ti_sysbios_gates_GateHwi_enter__E)
                  00006a54    0000000c     app_pem4f.oem4f (.text:ti_sysbios_hal_Hwi_Params__init__S)
                  00006a60    0000000c     app_pem4f.oem4f (.text:ti_sysbios_knl_Clock_Params__init__S)
                  00006a6c    0000000c     app_pem4f.oem4f (.text:ti_sysbios_knl_Queue_Object__get__S)
                  00006a78    0000000c     app_pem4f.oem4f (.text:ti_sysbios_knl_Task_Params__init__S)
                  00006a84    0000000c     ti.targets.arm.rtsarm.aem4f : Gate.oem4f (.text:xdc_runtime_Gate_enterSystem__E)
                  00006a90    0000000c                                 : Memory.oem4f (.text:xdc_runtime_Memory_calloc__E)
                  00006a9c    0000000c                                 : Memory.oem4f (.text:xdc_runtime_Memory_getMaxDefaultTypeAlign__E)
                  00006aa8    0000000c                                 : Startup.oem4f (.text:xdc_runtime_Startup_rtsDone__E)
                  00006ab4    00000004     --HOLE-- [fill = 0]
                  00006ab8    0000000a     sysbios.aem4f : BIOS.obj (.text:ti_sysbios_hal_Hwi_Instance_finalize__E)
                  00006ac2    0000000a     app_pem4f.oem4f (.text:xdc_runtime_IHeap_alloc)
                  00006acc    0000000a     app_pem4f.oem4f (.text:xdc_runtime_IHeap_free)
                  00006ad6    0000000a     ti.targets.arm.rtsarm.aem4f : LoggerBuf.oem4f (.text:xdc_runtime_LoggerBuf_disable__E)
                  00006ae0    0000000a                                 : LoggerBuf.oem4f (.text:xdc_runtime_LoggerBuf_enable__E)
                  00006aea    00000008     sysbios.aem4f : BIOS.obj (.text:ti_sysbios_family_arm_lm4_Timer_masterDisable__I)
                  00006af2    00000006     --HOLE-- [fill = 0]
                  00006af8    00000008                   : BIOS.obj (.text:ti_sysbios_family_arm_m3_Hwi_doSwiRestore__I)
                  00006b00    00000008                   : BIOS.obj (.text:ti_sysbios_family_arm_m3_Hwi_startup__E)
                  00006b08    00000006                   : BIOS.obj (.text:ti_sysbios_family_arm_lm4_TimestampProvider_Module_startup__E)
                  00006b0e    00000002     --HOLE-- [fill = 0]
                  00006b10    00000006                   : BIOS.obj (.text:ti_sysbios_family_arm_m3_Hwi_doTaskRestore__I)
                  00006b16    00000002     --HOLE-- [fill = 0]
                  00006b18    00000006                   : BIOS.obj (.text:ti_sysbios_family_arm_m3_Hwi_restoreFxn__E)
                  00006b1e    00000002     --HOLE-- [fill = 0]
                  00006b20    00000006                   : BIOS.obj (.text:ti_sysbios_gates_GateHwi_leave__E)
                  00006b26    00000002     --HOLE-- [fill = 0]
                  00006b28    00000006                   : BIOS.obj (.text:ti_sysbios_heaps_HeapMem_isBlocking__E)
                  00006b2e    00000002     --HOLE-- [fill = 0]
                  00006b30    00000006                   : BIOS.obj (.text:ti_sysbios_knl_Queue_Instance_init__E)
                  00006b36    00000002     --HOLE-- [fill = 0]
                  00006b38    00000006                   : BIOS.obj (.text:ti_sysbios_knl_Swi_startup__E)
                  00006b3e    00000002     --HOLE-- [fill = 0]
                  00006b40    00000004                   : BIOS.obj (.text:ti_sysbios_family_arm_lm4_Timer_getPeriod__E)
                  00006b44    00000004     --HOLE-- [fill = 0]
                  00006b48    00000004                   : BIOS.obj (.text:ti_sysbios_gates_GateHwi_query__E)
                  00006b4c    00000004     --HOLE-- [fill = 0]
                  00006b50    00000004                   : BIOS.obj (.text:ti_sysbios_gates_GateMutex_query__E)
                  00006b54    00000004     --HOLE-- [fill = 0]
                  00006b58    00000004                   : BIOS.obj (.text:ti_sysbios_knl_Task_startup__E)
                  00006b5c    00000004     --HOLE-- [fill = 0]
                  00006b60    00000002                   : BIOS.obj (.text:ti_sysbios_BIOS_linkedWithIncorrectBootLibrary__E)
                  00006b62    00000006     --HOLE-- [fill = 0]
                  00006b68    00000002                   : BIOS.obj (.text:ti_sysbios_gates_GateHwi_Instance_init__E)

.const     0    00006b6c    00002a6d     
                  00006b6c    00002200     app_pem4f.oem4f (.const:xdc_runtime_Text_charTab__A)
                  00008d6c    00000114     app_pem4f.oem4f (.const:xdc_runtime_Text_nodeTab__A)
                  00008e80    00000060     app_pem4f.oem4f (.const:ti_uia_loggers_LoggerStopMode_Module__FXNS__C)
                  00008ee0    00000044     app_pem4f.oem4f (.const:ti_sysbios_knl_Task_Object__PARAMS__C)
                  00008f24    0000003c     app_pem4f.oem4f (.const:xdc_runtime_LoggerBuf_Module__FXNS__C)
                  00008f60    00000030     app_pem4f.oem4f (.const:ti_sysbios_family_arm_m3_Hwi_Object__PARAMS__C)
                  00008f90    00000030     app_pem4f.oem4f (.const:xdc_runtime_Startup_sfxnTab__A)
                  00008fc0    0000002c     app_pem4f.oem4f (.const:ti_sysbios_hal_Hwi_Object__PARAMS__C)
                  00008fec    00000028     app_pem4f.oem4f (.const:ti_sysbios_heaps_HeapMem_Module__FXNS__C)
                  00009014    00000028     app_pem4f.oem4f (.const:ti_uia_loggers_LoggerStopMode_Object__PARAMS__C)
                  0000903c    00000024     app_pem4f.oem4f (.const:ti_sysbios_gates_GateHwi_Module__FXNS__C)
                  00009060    00000024     app_pem4f.oem4f (.const:ti_sysbios_gates_GateMutex_Module__FXNS__C)
                  00009084    00000024     app_pem4f.oem4f (.const:ti_sysbios_heaps_HeapMem_Object__PARAMS__C)
                  000090a8    00000024     app_pem4f.oem4f (.const:ti_sysbios_knl_Clock_Object__PARAMS__C)
                  000090cc    00000024     app_pem4f.oem4f (.const:ti_sysbios_knl_Semaphore_Object__PARAMS__C)
                  000090f0    00000024     app_pem4f.oem4f (.const:xdc_runtime_LoggerBuf_Object__PARAMS__C)
                  00009114    00000020     app_pem4f.oem4f (.const:ti_sysbios_family_arm_m3_Hwi_Object__DESC__C)
                  00009134    00000020     app_pem4f.oem4f (.const:ti_sysbios_gates_GateHwi_Object__DESC__C)
                  00009154    00000020     app_pem4f.oem4f (.const:ti_sysbios_gates_GateMutex_Object__DESC__C)
                  00009174    00000020     app_pem4f.oem4f (.const:ti_sysbios_hal_Hwi_Object__DESC__C)
                  00009194    00000020     app_pem4f.oem4f (.const:ti_sysbios_heaps_HeapMem_Object__DESC__C)
                  000091b4    00000020     app_pem4f.oem4f (.const:ti_sysbios_knl_Clock_Object__DESC__C)
                  000091d4    00000020     app_pem4f.oem4f (.const:ti_sysbios_knl_Queue_Object__DESC__C)
                  000091f4    00000020     app_pem4f.oem4f (.const:ti_sysbios_knl_Semaphore_Object__DESC__C)
                  00009214    00000020     app_pem4f.oem4f (.const:ti_sysbios_knl_Task_Object__DESC__C)
                  00009234    00000020     app_pem4f.oem4f (.const:ti_uia_loggers_LoggerStopMode_Object__DESC__C)
                  00009254    00000020     app_pem4f.oem4f (.const:xdc_runtime_LoggerBuf_Object__DESC__C)
                  00009274    00000018     app_pem4f.oem4f (.const:ti_sysbios_gates_GateHwi_Object__PARAMS__C)
                  0000928c    00000018     app_pem4f.oem4f (.const:ti_sysbios_gates_GateMutex_Object__PARAMS__C)
                  000092a4    00000018     app_pem4f.oem4f (.const:ti_sysbios_knl_Queue_Object__PARAMS__C)
                  000092bc    00000018     app_pem4f.oem4f (.const:xdc_runtime_Startup_sfxnRts__A)
                  000092d4    00000014     app_pem4f.oem4f (.const:xdc_runtime_Startup_firstFxns__A)
                  000092e8    00000008     app_pem4f.oem4f (.const:ti_sysbios_family_arm_m3_Hwi_excHookFuncs__A)
                  000092f0    00000008     app_pem4f.oem4f (.const:ti_sysbios_knl_Idle_funcList__A)
                  000092f8    00000008     app_pem4f.oem4f (.const:ti_sysbios_knl_Idle_funcList__C)
                  00009300    00000008     app_pem4f.oem4f (.const:xdc_runtime_Startup_firstFxns__C)
                  00009308    00000008     app_pem4f.oem4f (.const:xdc_runtime_Startup_lastFxns__C)
                  00009310    00000004     app_pem4f.oem4f (.const:ti_catalog_arm_cortexm4_tiva_ce_Boot_A_mustUseEnhancedClockMode__C)
                  00009314    00000004     app_pem4f.oem4f (.const:ti_catalog_arm_cortexm4_tiva_ce_Boot_Module__diagsEnabled__C)
                  00009318    00000004     app_pem4f.oem4f (.const:ti_catalog_arm_cortexm4_tiva_ce_Boot_Module__diagsIncluded__C)
                  0000931c    00000004     app_pem4f.oem4f (.const:ti_catalog_arm_cortexm4_tiva_ce_Boot_Module__diagsMask__C)
                  00009320    00000004     app_pem4f.oem4f (.const:ti_sysbios_family_arm_lm4_Timer_enableFunc__C)
                  00009324    00000004     app_pem4f.oem4f (.const:ti_sysbios_family_arm_lm4_Timer_numTimerDevices__C)
                  00009328    00000004     app_pem4f.oem4f (.const:ti_sysbios_family_arm_lm4_Timer_startupNeeded__C)
                  0000932c    00000004     app_pem4f.oem4f (.const:ti_sysbios_family_arm_m3_Hwi_E_NMI__C)
                  00009330    00000004     app_pem4f.oem4f (.const:ti_sysbios_family_arm_m3_Hwi_E_alreadyDefined__C)
                  00009334    00000004     app_pem4f.oem4f (.const:ti_sysbios_family_arm_m3_Hwi_E_badIntNum__C)
                  00009338    00000004     app_pem4f.oem4f (.const:ti_sysbios_family_arm_m3_Hwi_E_busFault__C)
                  0000933c    00000004     app_pem4f.oem4f (.const:ti_sysbios_family_arm_m3_Hwi_E_debugMon__C)
                  00009340    00000004     app_pem4f.oem4f (.const:ti_sysbios_family_arm_m3_Hwi_E_hardFault__C)
                  00009344    00000004     app_pem4f.oem4f (.const:ti_sysbios_family_arm_m3_Hwi_E_memFault__C)
                  00009348    00000004     app_pem4f.oem4f (.const:ti_sysbios_family_arm_m3_Hwi_E_noIsr__C)
                  0000934c    00000004     app_pem4f.oem4f (.const:ti_sysbios_family_arm_m3_Hwi_E_reserved__C)
                  00009350    00000004     app_pem4f.oem4f (.const:ti_sysbios_family_arm_m3_Hwi_E_svCall__C)
                  00009354    00000004     app_pem4f.oem4f (.const:ti_sysbios_family_arm_m3_Hwi_E_usageFault__C)
                  00009358    00000004     app_pem4f.oem4f (.const:ti_sysbios_family_arm_m3_Hwi_LD_end__C)
                  0000935c    00000004     app_pem4f.oem4f (.const:ti_sysbios_family_arm_m3_Hwi_LM_begin__C)
                  00009360    00000004     app_pem4f.oem4f (.const:ti_sysbios_family_arm_m3_Hwi_Module__diagsEnabled__C)
                  00009364    00000004     app_pem4f.oem4f (.const:ti_sysbios_family_arm_m3_Hwi_Module__diagsIncluded__C)
                  00009368    00000004     app_pem4f.oem4f (.const:ti_sysbios_family_arm_m3_Hwi_Module__diagsMask__C)
                  0000936c    00000004     app_pem4f.oem4f (.const:ti_sysbios_family_arm_m3_Hwi_Module__loggerFxn1__C)
                  00009370    00000004     app_pem4f.oem4f (.const:ti_sysbios_family_arm_m3_Hwi_Module__loggerFxn8__C)
                  00009374    00000004     app_pem4f.oem4f (.const:ti_sysbios_family_arm_m3_Hwi_Module__loggerObj__C)
                  00009378    00000004     app_pem4f.oem4f (.const:ti_sysbios_family_arm_m3_Hwi_NUM_INTERRUPTS__C)
                  0000937c    00000004     app_pem4f.oem4f (.const:ti_sysbios_family_arm_m3_Hwi_Object__count__C)
                  00009380    00000004     app_pem4f.oem4f (.const:ti_sysbios_family_arm_m3_Hwi_ccr__C)
                  00009384    00000004     app_pem4f.oem4f (.const:ti_sysbios_family_arm_m3_Hwi_excHandlerFunc__C)
                  00009388    00000004     app_pem4f.oem4f (.const:ti_sysbios_family_arm_m3_Hwi_excHookFuncs__C)
                  0000938c    00000004     app_pem4f.oem4f (.const:ti_sysbios_family_arm_m3_Hwi_nullIsrFunc__C)
                  00009390    00000004     app_pem4f.oem4f (.const:ti_sysbios_family_arm_m3_Hwi_priGroup__C)
                  00009394    00000004     app_pem4f.oem4f (.const:ti_sysbios_family_arm_m3_TaskSupport_stackAlignment__C)
                  00009398    00000004     app_pem4f.oem4f (.const:ti_sysbios_gates_GateMutex_A_badContext__C)
                  0000939c    00000004     app_pem4f.oem4f (.const:ti_sysbios_gates_GateMutex_Instance_State_sem__O)
                  000093a0    00000004     app_pem4f.oem4f (.const:ti_sysbios_gates_GateMutex_Module__diagsEnabled__C)
                  000093a4    00000004     app_pem4f.oem4f (.const:ti_sysbios_gates_GateMutex_Module__diagsIncluded__C)
                  000093a8    00000004     app_pem4f.oem4f (.const:ti_sysbios_gates_GateMutex_Module__diagsMask__C)
                  000093ac    00000004     app_pem4f.oem4f (.const:ti_sysbios_hal_Hwi_E_stackOverflow__C)
                  000093b0    00000004     app_pem4f.oem4f (.const:ti_sysbios_heaps_HeapMem_A_align__C)
                  000093b4    00000004     app_pem4f.oem4f (.const:ti_sysbios_heaps_HeapMem_A_heapSize__C)
                  000093b8    00000004     app_pem4f.oem4f (.const:ti_sysbios_heaps_HeapMem_A_invalidFree__C)
                  000093bc    00000004     app_pem4f.oem4f (.const:ti_sysbios_heaps_HeapMem_A_zeroBlock__C)
                  000093c0    00000004     app_pem4f.oem4f (.const:ti_sysbios_heaps_HeapMem_E_memory__C)
                  000093c4    00000004     app_pem4f.oem4f (.const:ti_sysbios_heaps_HeapMem_Module__diagsEnabled__C)
                  000093c8    00000004     app_pem4f.oem4f (.const:ti_sysbios_heaps_HeapMem_Module__diagsIncluded__C)
                  000093cc    00000004     app_pem4f.oem4f (.const:ti_sysbios_heaps_HeapMem_Module__diagsMask__C)
                  000093d0    00000004     app_pem4f.oem4f (.const:ti_sysbios_heaps_HeapMem_Module__gateObj__C)
                  000093d4    00000004     app_pem4f.oem4f (.const:ti_sysbios_heaps_HeapMem_Object__count__C)
                  000093d8    00000004     app_pem4f.oem4f (.const:ti_sysbios_heaps_HeapMem_reqAlign__C)
                  000093dc    00000004     app_pem4f.oem4f (.const:ti_sysbios_knl_Clock_A_badThreadType__C)
                  000093e0    00000004     app_pem4f.oem4f (.const:ti_sysbios_knl_Clock_LM_begin__C)
                  000093e4    00000004     app_pem4f.oem4f (.const:ti_sysbios_knl_Clock_LM_tick__C)
                  000093e8    00000004     app_pem4f.oem4f (.const:ti_sysbios_knl_Clock_LW_delayed__C)
                  000093ec    00000004     app_pem4f.oem4f (.const:ti_sysbios_knl_Clock_Module_State_clockQ__O)
                  000093f0    00000004     app_pem4f.oem4f (.const:ti_sysbios_knl_Clock_Module__diagsEnabled__C)
                  000093f4    00000004     app_pem4f.oem4f (.const:ti_sysbios_knl_Clock_Module__diagsIncluded__C)
                  000093f8    00000004     app_pem4f.oem4f (.const:ti_sysbios_knl_Clock_Module__diagsMask__C)
                  000093fc    00000004     app_pem4f.oem4f (.const:ti_sysbios_knl_Clock_Module__loggerFxn1__C)
                  00009400    00000004     app_pem4f.oem4f (.const:ti_sysbios_knl_Clock_Module__loggerFxn2__C)
                  00009404    00000004     app_pem4f.oem4f (.const:ti_sysbios_knl_Clock_Module__loggerObj__C)
                  00009408    00000004     app_pem4f.oem4f (.const:ti_sysbios_knl_Mailbox_Instance_State_freeQue__O)
                  0000940c    00000004     app_pem4f.oem4f (.const:ti_sysbios_knl_Mailbox_Object__count__C)
                  00009410    00000004     app_pem4f.oem4f (.const:ti_sysbios_knl_Mailbox_maxTypeAlign__C)
                  00009414    00000004     app_pem4f.oem4f (.const:ti_sysbios_knl_Semaphore_A_badContext__C)
                  00009418    00000004     app_pem4f.oem4f (.const:ti_sysbios_knl_Semaphore_A_noEvents__C)
                  0000941c    00000004     app_pem4f.oem4f (.const:ti_sysbios_knl_Semaphore_A_overflow__C)
                  00009420    00000004     app_pem4f.oem4f (.const:ti_sysbios_knl_Semaphore_A_pendTaskDisabled__C)
                  00009424    00000004     app_pem4f.oem4f (.const:ti_sysbios_knl_Semaphore_Instance_State_pendQ__O)
                  00009428    00000004     app_pem4f.oem4f (.const:ti_sysbios_knl_Semaphore_LM_pend__C)
                  0000942c    00000004     app_pem4f.oem4f (.const:ti_sysbios_knl_Semaphore_LM_post__C)
                  00009430    00000004     app_pem4f.oem4f (.const:ti_sysbios_knl_Semaphore_Module__diagsEnabled__C)
                  00009434    00000004     app_pem4f.oem4f (.const:ti_sysbios_knl_Semaphore_Module__diagsIncluded__C)
                  00009438    00000004     app_pem4f.oem4f (.const:ti_sysbios_knl_Semaphore_Module__diagsMask__C)
                  0000943c    00000004     app_pem4f.oem4f (.const:ti_sysbios_knl_Semaphore_Module__loggerFxn2__C)
                  00009440    00000004     app_pem4f.oem4f (.const:ti_sysbios_knl_Semaphore_Module__loggerFxn4__C)
                  00009444    00000004     app_pem4f.oem4f (.const:ti_sysbios_knl_Semaphore_Module__loggerObj__C)
                  00009448    00000004     app_pem4f.oem4f (.const:ti_sysbios_knl_Swi_LD_end__C)
                  0000944c    00000004     app_pem4f.oem4f (.const:ti_sysbios_knl_Swi_LM_begin__C)
                  00009450    00000004     app_pem4f.oem4f (.const:ti_sysbios_knl_Swi_LM_post__C)
                  00009454    00000004     app_pem4f.oem4f (.const:ti_sysbios_knl_Swi_Module__diagsEnabled__C)
                  00009458    00000004     app_pem4f.oem4f (.const:ti_sysbios_knl_Swi_Module__diagsIncluded__C)
                  0000945c    00000004     app_pem4f.oem4f (.const:ti_sysbios_knl_Swi_Module__diagsMask__C)
                  00009460    00000004     app_pem4f.oem4f (.const:ti_sysbios_knl_Swi_Module__loggerFxn1__C)
                  00009464    00000004     app_pem4f.oem4f (.const:ti_sysbios_knl_Swi_Module__loggerFxn4__C)
                  00009468    00000004     app_pem4f.oem4f (.const:ti_sysbios_knl_Swi_Module__loggerObj__C)
                  0000946c    00000004     app_pem4f.oem4f (.const:ti_sysbios_knl_Swi_Object__count__C)
                  00009470    00000004     app_pem4f.oem4f (.const:ti_sysbios_knl_Task_A_badPriority__C)
                  00009474    00000004     app_pem4f.oem4f (.const:ti_sysbios_knl_Task_A_badTaskState__C)
                  00009478    00000004     app_pem4f.oem4f (.const:ti_sysbios_knl_Task_A_badThreadType__C)
                  0000947c    00000004     app_pem4f.oem4f (.const:ti_sysbios_knl_Task_A_noPendElem__C)
                  00009480    00000004     app_pem4f.oem4f (.const:ti_sysbios_knl_Task_E_spOutOfBounds__C)
                  00009484    00000004     app_pem4f.oem4f (.const:ti_sysbios_knl_Task_E_stackOverflow__C)
                  00009488    00000004     app_pem4f.oem4f (.const:ti_sysbios_knl_Task_LD_block__C)
                  0000948c    00000004     app_pem4f.oem4f (.const:ti_sysbios_knl_Task_LD_exit__C)
                  00009490    00000004     app_pem4f.oem4f (.const:ti_sysbios_knl_Task_LD_ready__C)
                  00009494    00000004     app_pem4f.oem4f (.const:ti_sysbios_knl_Task_LM_switch__C)
                  00009498    00000004     app_pem4f.oem4f (.const:ti_sysbios_knl_Task_Module_State_inactiveQ__O)
                  0000949c    00000004     app_pem4f.oem4f (.const:ti_sysbios_knl_Task_Module__diagsEnabled__C)
                  000094a0    00000004     app_pem4f.oem4f (.const:ti_sysbios_knl_Task_Module__diagsIncluded__C)
                  000094a4    00000004     app_pem4f.oem4f (.const:ti_sysbios_knl_Task_Module__diagsMask__C)
                  000094a8    00000004     app_pem4f.oem4f (.const:ti_sysbios_knl_Task_Module__loggerFxn2__C)
                  000094ac    00000004     app_pem4f.oem4f (.const:ti_sysbios_knl_Task_Module__loggerFxn4__C)
                  000094b0    00000004     app_pem4f.oem4f (.const:ti_sysbios_knl_Task_Module__loggerObj__C)
                  000094b4    00000004     app_pem4f.oem4f (.const:ti_sysbios_knl_Task_Object__count__C)
                  000094b8    00000004     app_pem4f.oem4f (.const:ti_sysbios_knl_Task_allBlockedFunc__C)
                  000094bc    00000004     app_pem4f.oem4f (.const:ti_sysbios_knl_Task_defaultStackHeap__C)
                  000094c0    00000004     app_pem4f.oem4f (.const:ti_sysbios_knl_Task_defaultStackSize__C)
                  000094c4    00000004     app_pem4f.oem4f (.const:ti_sysbios_knl_Task_numConstructedTasks__C)
                  000094c8    00000004     app_pem4f.oem4f (.const:ti_sysbios_utils_Load_LS_cpuLoad__C)
                  000094cc    00000004     app_pem4f.oem4f (.const:ti_sysbios_utils_Load_Module__diagsEnabled__C)
                  000094d0    00000004     app_pem4f.oem4f (.const:ti_sysbios_utils_Load_Module__diagsIncluded__C)
                  000094d4    00000004     app_pem4f.oem4f (.const:ti_sysbios_utils_Load_Module__diagsMask__C)
                  000094d8    00000004     app_pem4f.oem4f (.const:ti_sysbios_utils_Load_Module__loggerFxn1__C)
                  000094dc    00000004     app_pem4f.oem4f (.const:ti_sysbios_utils_Load_Module__loggerObj__C)
                  000094e0    00000004     app_pem4f.oem4f (.const:ti_sysbios_utils_Load_postUpdate__C)
                  000094e4    00000004     app_pem4f.oem4f (.const:ti_sysbios_utils_Load_windowInMs__C)
                  000094e8    00000004     app_pem4f.oem4f (.const:ti_uia_loggers_LoggerStopMode_Module__diagsEnabled__C)
                  000094ec    00000004     app_pem4f.oem4f (.const:ti_uia_loggers_LoggerStopMode_Module__diagsIncluded__C)
                  000094f0    00000004     app_pem4f.oem4f (.const:ti_uia_loggers_LoggerStopMode_Module__diagsMask__C)
                  000094f4    00000004     app_pem4f.oem4f (.const:ti_uia_loggers_LoggerStopMode_Object__count__C)
                  000094f8    00000004     app_pem4f.oem4f (.const:ti_uia_runtime_ILoggerSnapshot_Interface__BASE__C)
                  000094fc    00000004     app_pem4f.oem4f (.const:ti_uia_runtime_IUIATransfer_Interface__BASE__C)
                  00009500    00000004     app_pem4f.oem4f (.const:xdc_runtime_Assert_E_assertFailed__C)
                  00009504    00000004     app_pem4f.oem4f (.const:xdc_runtime_Core_A_initializedParams__C)
                  00009508    00000004     app_pem4f.oem4f (.const:xdc_runtime_Core_Module__diagsEnabled__C)
                  0000950c    00000004     app_pem4f.oem4f (.const:xdc_runtime_Core_Module__diagsIncluded__C)
                  00009510    00000004     app_pem4f.oem4f (.const:xdc_runtime_Core_Module__diagsMask__C)
                  00009514    00000004     app_pem4f.oem4f (.const:xdc_runtime_Error_E_memory__C)
                  00009518    00000004     app_pem4f.oem4f (.const:xdc_runtime_Error_Module__diagsEnabled__C)
                  0000951c    00000004     app_pem4f.oem4f (.const:xdc_runtime_Error_Module__diagsIncluded__C)
                  00009520    00000004     app_pem4f.oem4f (.const:xdc_runtime_Error_Module__diagsMask__C)
                  00009524    00000004     app_pem4f.oem4f (.const:xdc_runtime_Error_Module__loggerFxn8__C)
                  00009528    00000004     app_pem4f.oem4f (.const:xdc_runtime_Error_Module__loggerObj__C)
                  0000952c    00000004     app_pem4f.oem4f (.const:xdc_runtime_Error_policyFxn__C)
                  00009530    00000004     app_pem4f.oem4f (.const:xdc_runtime_Error_raiseHook__C)
                  00009534    00000004     app_pem4f.oem4f (.const:xdc_runtime_IFilterLogger_Interface__BASE__C)
                  00009538    00000004     app_pem4f.oem4f (.const:xdc_runtime_IGateProvider_Interface__BASE__C)
                  0000953c    00000004     app_pem4f.oem4f (.const:xdc_runtime_IHeap_Interface__BASE__C)
                  00009540    00000004     app_pem4f.oem4f (.const:xdc_runtime_ILogger_Interface__BASE__C)
                  00009544    00000004     app_pem4f.oem4f (.const:xdc_runtime_IModule_Interface__BASE__C)
                  00009548    00000004     app_pem4f.oem4f (.const:xdc_runtime_Log_L_error__C)
                  0000954c    00000004     app_pem4f.oem4f (.const:xdc_runtime_LoggerBuf_E_badLevel__C)
                  00009550    00000004     app_pem4f.oem4f (.const:xdc_runtime_LoggerBuf_Module__gateObj__C)
                  00009554    00000004     app_pem4f.oem4f (.const:xdc_runtime_LoggerBuf_Object__count__C)
                  00009558    00000004     app_pem4f.oem4f (.const:xdc_runtime_LoggerBuf_statusLogger__C)
                  0000955c    00000004     app_pem4f.oem4f (.const:xdc_runtime_Memory_defaultHeapInstance__C)
                  00009560    00000004     app_pem4f.oem4f (.const:xdc_runtime_Startup_execImpl__C)
                  00009564    00000004     app_pem4f.oem4f (.const:xdc_runtime_Startup_lastFxns__A)
                  00009568    00000004     app_pem4f.oem4f (.const:xdc_runtime_Startup_maxPasses__C)
                  0000956c    00000004     app_pem4f.oem4f (.const:xdc_runtime_Startup_sfxnRts__C)
                  00009570    00000004     app_pem4f.oem4f (.const:xdc_runtime_Startup_sfxnTab__C)
                  00009574    00000004     app_pem4f.oem4f (.const:xdc_runtime_SysMin_bufSize__C)
                  00009578    00000004     app_pem4f.oem4f (.const:xdc_runtime_SysMin_outputFunc__C)
                  0000957c    00000004     app_pem4f.oem4f (.const:xdc_runtime_System_Module__gateObj__C)
                  00009580    00000004     app_pem4f.oem4f (.const:xdc_runtime_System_abortFxn__C)
                  00009584    00000004     app_pem4f.oem4f (.const:xdc_runtime_System_exitFxn__C)
                  00009588    00000004     app_pem4f.oem4f (.const:xdc_runtime_System_extendFxn__C)
                  0000958c    00000004     app_pem4f.oem4f (.const:xdc_runtime_System_maxAtexitHandlers__C)
                  00009590    00000004     app_pem4f.oem4f (.const:xdc_runtime_Text_charTab__C)
                  00009594    00000004     app_pem4f.oem4f (.const:xdc_runtime_Text_nodeTab__C)
                  00009598    00000004     app_pem4f.oem4f (.const:xdc_runtime_Text_visitRopeFxn__C)
                  0000959c    00000002     app_pem4f.oem4f (.const:ti_catalog_arm_cortexm4_tiva_ce_Boot_Module__id__C)
                  0000959e    00000002     app_pem4f.oem4f (.const:ti_sysbios_family_arm_lm4_TimestampProvider_useClockTimer__C)
                  000095a0    00000002     app_pem4f.oem4f (.const:ti_sysbios_family_arm_m3_Hwi_Module__id__C)
                  000095a2    00000002     app_pem4f.oem4f (.const:ti_sysbios_family_arm_m3_Hwi_Module__loggerDefined__C)
                  000095a4    00000002     app_pem4f.oem4f (.const:ti_sysbios_gates_GateMutex_Module__id__C)
                  000095a6    00000002     app_pem4f.oem4f (.const:ti_sysbios_hal_Hwi_Module__id__C)
                  000095a8    00000002     app_pem4f.oem4f (.const:ti_sysbios_heaps_HeapMem_Module__id__C)
                  000095aa    00000002     app_pem4f.oem4f (.const:ti_sysbios_knl_Clock_Module__id__C)
                  000095ac    00000002     app_pem4f.oem4f (.const:ti_sysbios_knl_Clock_Module__loggerDefined__C)
                  000095ae    00000002     app_pem4f.oem4f (.const:ti_sysbios_knl_Semaphore_Module__id__C)
                  000095b0    00000002     app_pem4f.oem4f (.const:ti_sysbios_knl_Semaphore_Module__loggerDefined__C)
                  000095b2    00000002     app_pem4f.oem4f (.const:ti_sysbios_knl_Swi_Module__id__C)
                  000095b4    00000002     app_pem4f.oem4f (.const:ti_sysbios_knl_Swi_Module__loggerDefined__C)
                  000095b6    00000002     app_pem4f.oem4f (.const:ti_sysbios_knl_Task_Module__id__C)
                  000095b8    00000002     app_pem4f.oem4f (.const:ti_sysbios_knl_Task_Module__loggerDefined__C)
                  000095ba    00000002     app_pem4f.oem4f (.const:ti_sysbios_utils_Load_Module__id__C)
                  000095bc    00000002     app_pem4f.oem4f (.const:ti_sysbios_utils_Load_Module__loggerDefined__C)
                  000095be    00000002     app_pem4f.oem4f (.const:ti_sysbios_utils_Load_updateInIdle__C)
                  000095c0    00000002     app_pem4f.oem4f (.const:ti_uia_loggers_LoggerStopMode_Module__id__C)
                  000095c2    00000002     app_pem4f.oem4f (.const:ti_uia_loggers_LoggerStopMode_isTimestampEnabled__C)
                  000095c4    00000002     app_pem4f.oem4f (.const:xdc_runtime_Core_Module__id__C)
                  000095c6    00000002     app_pem4f.oem4f (.const:xdc_runtime_Error_Module__loggerDefined__C)
                  000095c8    00000002     app_pem4f.oem4f (.const:xdc_runtime_Error_maxDepth__C)
                  000095ca    00000002     app_pem4f.oem4f (.const:xdc_runtime_LoggerBuf_Module__id__C)
                  000095cc    00000002     app_pem4f.oem4f (.const:xdc_runtime_LoggerBuf_filterByLevel__C)
                  000095ce    00000002     app_pem4f.oem4f (.const:xdc_runtime_Memory_Module__id__C)
                  000095d0    00000002     app_pem4f.oem4f (.const:xdc_runtime_SysMin_flushAtExit__C)
                  000095d2    00000002     app_pem4f.oem4f (.const:xdc_runtime_Text_isLoaded__C)
                  000095d4    00000002     app_pem4f.oem4f (.const:xdc_runtime_Text_registryModsLastId__C)
                  000095d6    00000002     app_pem4f.oem4f (.const:xdc_runtime_Text_unnamedModsLastId__C)
                  000095d8    00000001     app_pem4f.oem4f (.const:xdc_runtime_Error_policy__C)

.cinit     0    000095e0    000002a8     
                  000095e0    00000284     (.cinit..data.load) [load image, compression = lzss]
                  00009864    0000000c     (__TI_handler_table)
                  00009870    00000008     (.cinit..bss.load) [load image, compression = zero_init]
                  00009878    00000010     (__TI_cinit_table)

.init_array 
*          0    00000000    00000000     UNINITIALIZED

.bss       0    20000380    00003cb0     UNINITIALIZED
                  20000380    00002000     (.common:ti_sysbios_heaps_HeapMem_Instance_State_0_buf__A)
                  20002380    00000800     app_pem4f.oem4f (.bss:taskStackSection)
                  20002b80    00000400     (.common:ti_uia_loggers_LoggerStopMode_Instance_State_1_packetArray__A)
                  20002f80    00000400     (.common:ti_uia_loggers_LoggerStopMode_Instance_State_2_packetArray__A)
                  20003380    00000360     (.common:ti_sysbios_family_arm_m3_Hwi_dispatchTable)
                  200036e0    00000008     (.common:parmbuf)
                  200036e8    00000004     (.common:myHwi)
                  200036ec    00000004     (.common:periodicClock)
                  200036f0    00000004     (.common:periodicSem)
                  200036f4    00000004     (.common:periodicTask)
                  200036f8    00000008     --HOLE--
                  20003700    00000200     (.common:ti_uia_loggers_LoggerStopMode_Instance_State_0_packetArray__A)
                  20003900    00000200     (.common:xdc_runtime_LoggerBuf_Instance_State_0_entryArr__A)
                  20003b00    00000200     (.common:xdc_runtime_SysMin_Module_State_0_outbuf__A)
                  20003d00    00000120     rtsv7M4_T_le_v4SPD16_eabi.lib : trgmsg.c.obj (.bss:_CIOBUF_)
                  20003e20    00000080     (.common:buffer)
                  20003ea0    00000044     (.common:taskParams)
                  20003ee4    0000001c     --HOLE--
                  20003f00    00000030     (.common:ti_uia_loggers_LoggerStopMode_Instance_State_0_hdr__A)
                  20003f30    0000002c     (.common:hwiParams)
                  20003f5c    00000024     (.common:clockParams)
                  20003f80    00000030     (.common:ti_uia_loggers_LoggerStopMode_Instance_State_1_hdr__A)
                  20003fb0    00000050     --HOLE--
                  20004000    00000030     (.common:ti_uia_loggers_LoggerStopMode_Instance_State_2_hdr__A)

.data      0    20004030    00000684     UNINITIALIZED
                  20004030    0000009c     app_pem4f.oem4f (.data:ti_uia_loggers_LoggerStopMode_Object__table__V)
                  200040cc    00000098     app_pem4f.oem4f (.data:ti_sysbios_utils_Load_Module__state__V)
                  20004164    00000080     app_pem4f.oem4f (.data:ti_sysbios_family_arm_lm4_Timer_Object__table__V)
                  200041e4    00000080     app_pem4f.oem4f (.data:ti_sysbios_knl_Swi_Module_State_0_readyQ__A)
                  20004264    00000080     app_pem4f.oem4f (.data:ti_sysbios_knl_Task_Module_State_0_readyQ__A)
                  200042e4    0000005c     app_pem4f.oem4f (.data:ti_sysbios_knl_Task_Object__table__V)
                  20004340    00000048     app_pem4f.oem4f (.data:ti_sysbios_knl_Task_Module__state__V)
                  20004388    00000038     app_pem4f.oem4f (.data:ti_sysbios_gates_GateMutex_Object__table__V)
                  200043c0    00000034     indep.obj (.data:latlongcommand)
                  200043f4    00000034     app_pem4f.oem4f (.data:ti_sysbios_family_arm_m3_Hwi_Module__state__V)
                  20004428    00000030     app_pem4f.oem4f (.data:ti_sysbios_family_arm_lm4_Timer_Module_State_0_device__A)
                  20004458    00000030     app_pem4f.oem4f (.data:ti_sysbios_family_arm_m3_Hwi_Object__table__V)
                  20004488    00000030     app_pem4f.oem4f (.data:ti_sysbios_knl_Swi_Object__table__V)
                  200044b8    0000002c     app_pem4f.oem4f (.data:ti_sysbios_knl_Clock_Module__state__V)
                  200044e4    00000024     app_pem4f.oem4f (.data:ti_sysbios_BIOS_Module__state__V)
                  20004508    00000024     app_pem4f.oem4f (.data:xdc_runtime_LoggerBuf_Object__table__V)
                  2000452c    00000020     app_pem4f.oem4f (.data:xdc_runtime_Error_IgnoreBlock)
                  2000454c    0000001c     app_pem4f.oem4f (.data:ti_sysbios_knl_Swi_Module__state__V)
                  20004568    00000018     app_pem4f.oem4f (.data:ti_sysbios_family_arm_lm4_Timer_Module_State_0_handles__A)
                  20004580    00000018     app_pem4f.oem4f (.data:ti_sysbios_heaps_HeapMem_Object__table__V)
                  20004598    00000013     indep.obj (.data:baudcommand)
                  200045ab    00000013     indep.obj (.data:latencycommand)
                  200045be    00000002     app_pem4f.oem4f (.data:ti_sysbios_family_arm_m3_Hwi_Module_State_0_excActive__A)
                  200045c0    00000010     app_pem4f.oem4f (.data:xdc_runtime_System_Module_State_0_atexitHandlers__A)
                  200045d0    0000000c     indep.obj (.data)
                  200045dc    0000000c     app_pem4f.oem4f (.data:ti_sysbios_family_arm_lm4_Timer_Module__state__V)
                  200045e8    0000000c     app_pem4f.oem4f (.data:ti_sysbios_knl_Task_Module__root__V)
                  200045f4    0000000c     app_pem4f.oem4f (.data:ti_uia_runtime_QueueDescriptor_Module__state__V)
                  20004600    0000000c     app_pem4f.oem4f (.data:xdc_runtime_SysMin_Module__state__V)
                  2000460c    00000008     rtsv7M4_T_le_v4SPD16_eabi.lib : _lock.c.obj (.data:$O1$$)
                  20004614    00000008     ti.uia.runtime.aem4f : QueueDescriptor.oem4f (.data)
                  2000461c    00000008     app_pem4f.oem4f (.data:ti_sysbios_family_arm_lm4_TimestampProvider_Module__state__V)
                  20004624    00000008     app_pem4f.oem4f (.data:ti_sysbios_family_arm_m3_Hwi_Module__root__V)
                  2000462c    00000008     app_pem4f.oem4f (.data:ti_sysbios_gates_GateHwi_Module__root__V)
                  20004634    00000008     app_pem4f.oem4f (.data:ti_sysbios_gates_GateMutex_Module__root__V)
                  2000463c    00000008     app_pem4f.oem4f (.data:ti_sysbios_hal_Hwi_Module__root__V)
                  20004644    00000008     app_pem4f.oem4f (.data:ti_sysbios_heaps_HeapMem_Module__root__V)
                  2000464c    00000008     app_pem4f.oem4f (.data:ti_sysbios_knl_Clock_Module__root__V)
                  20004654    00000008     app_pem4f.oem4f (.data:ti_sysbios_knl_Queue_Module__root__V)
                  2000465c    00000008     app_pem4f.oem4f (.data:ti_sysbios_knl_Semaphore_Module__root__V)
                  20004664    00000008     app_pem4f.oem4f (.data:ti_uia_loggers_LoggerStopMode_Module__root__V)
                  2000466c    00000008     app_pem4f.oem4f (.data:xdc_runtime_LoggerBuf_Module__root__V)
                  20004674    00000008     app_pem4f.oem4f (.data:xdc_runtime_Registry_Module__state__V)
                  2000467c    00000008     app_pem4f.oem4f (.data:xdc_runtime_Startup_Module__state__V)
                  20004684    00000008     app_pem4f.oem4f (.data:xdc_runtime_System_Module__state__V)
                  2000468c    00000006     app_pem4f.oem4f (.data:xdc_runtime_LoggerBuf_Module__state__V)
                  20004692    00000002     app_pem4f.oem4f (.data:xdc_runtime_Error_Module__state__V)
                  20004694    00000004     rtsv7M4_T_le_v4SPD16_eabi.lib : stkdepth_vars.c.obj (.data)
                  20004698    00000004     app_pem4f.oem4f (.data:ti_sysbios_family_arm_m3_Hwi_Module_State_0_excContext__A)
                  2000469c    00000004     app_pem4f.oem4f (.data:ti_sysbios_family_arm_m3_Hwi_Module_State_0_excStack__A)
                  200046a0    00000004     app_pem4f.oem4f (.data:ti_sysbios_gates_GateHwi_Object__table__V)
                  200046a4    00000004     app_pem4f.oem4f (.data:ti_sysbios_knl_Task_Module_State_0_idleTask__A)
                  200046a8    00000004     app_pem4f.oem4f (.data:ti_sysbios_utils_Load_Module_State_0_runningTask__A)
                  200046ac    00000004     app_pem4f.oem4f (.data:ti_sysbios_utils_Load_Module_State_0_taskStartTime__A)
                  200046b0    00000004     app_pem4f.oem4f (.data:xdc_runtime_Memory_Module__state__V)

.stack     0    200046b8    00000400     UNINITIALIZED
                  200046b8    00000400     --HOLE--

.bootVecs 
*          0    00000000    00000008     DSECT
                  00000000    00000008     boot.aem4f : boot.oem4f (.bootVecs)

.resetVecs 
*          0    00000000    0000003c     
                  00000000    0000003c     app_pem4f.oem4f (.resetVecs)

.vecs      0    20000000    00000360     NOLOAD SECTION
                  20000000    00000360     app_pem4f.oem4f (.vecs)

xdc.meta   0    00000000    000000d9     COPY SECTION
                  00000000    000000d9     app_pem4f.oem4f (xdc.meta)

.binit     0    00000000    00000000     

MODULE SUMMARY

       Module                       code    ro data   rw data
       ------                       ----    -------   -------
    .\
       indep.obj                    778     0         394    
    +--+----------------------------+-------+---------+---------+
       Total:                       778     0         394    
                                                             
    C:\Users\Luis Alberto\Desktop\PR12\Debug\configPkg\package\cfg\
       app_pem4f.oem4f              3854    10921     17242  
    +--+----------------------------+-------+---------+---------+
       Total:                       3854    10921     17242  
                                                             
    C:\Users\Luis Alberto\Desktop\PR12\src\sysbios\sysbios.aem4f
       BIOS.obj                     14984   0         0      
       m3_Hwi_asm.obj               322     0         0      
       m3_Hwi_asm_switch.obj        118     0         0      
       m3_TaskSupport_asm.obj       44      0         0      
    +--+----------------------------+-------+---------+---------+
       Total:                       15468   0         0      
                                                             
    C:\ti\bios_6_76_04_02\packages\ti\catalog\arm\cortexm4\tiva\ce\lib\Boot.aem4f
       Boot_sysctl.oem4f            262     0         0      
       Boot.oem4f                   152     0         0      
    +--+----------------------------+-------+---------+---------+
       Total:                       414     0         0      
                                                             
    C:\ti\bios_6_76_04_02\packages\ti\targets\arm\rtsarm\lib\auto_init.aem4f
       auto_init.oem4f              160     0         0      
    +--+----------------------------+-------+---------+---------+
       Total:                       160     0         0      
                                                             
    C:\ti\bios_6_76_04_02\packages\ti\targets\arm\rtsarm\lib\boot.aem4f
       boot.oem4f                   88      0         0      
    +--+----------------------------+-------+---------+---------+
       Total:                       88      0         0      
                                                             
    C:\ti\bios_6_76_04_02\packages\ti\targets\arm\rtsarm\lib\ti.targets.arm.rtsarm.aem4f
       System.oem4f                 1227    0         0      
       LoggerBuf.oem4f              1092    0         0      
       Text.oem4f                   632     0         0      
       Error.oem4f                  568     0         0      
       Startup.oem4f                340     0         0      
       Core-mem.oem4f               334     0         0      
       SysMin.oem4f                 248     0         0      
       Core-smem.oem4f              204     0         0      
       Memory.oem4f                 180     0         0      
       Assert.oem4f                 76      0         0      
       Core-params.oem4f            72      0         0      
       Gate.oem4f                   28      0         0      
       Registry.oem4f               28      0         0      
    +--+----------------------------+-------+---------+---------+
       Total:                       5029    0         0      
                                                             
    C:\ti\ccs920\ccs\tools\compiler\ti-cgt-arm_18.12.3.LTS\lib\rtsv7M4_T_le_v4SPD16_eabi.lib
       trgmsg.c.obj                 108     0         288    
       memcpy_t2.asm.obj            156     0         0      
       memset_t2.asm.obj            122     0         0      
       copy_decompress_lzss.c.obj   104     0         0      
       hostwrite.c.obj              88      0         0      
       cpy_tbl.c.obj                76      0         0      
[...]
0000939c  ti_sysbios_gates_GateMutex_Instance_State_sem__O                  
000093a0  ti_sysbios_gates_GateMutex_Module__diagsEnabled__C                
000093a4  ti_sysbios_gates_GateMutex_Module__diagsIncluded__C               
000093a8  ti_sysbios_gates_GateMutex_Module__diagsMask__C                   
000093ac  ti_sysbios_hal_Hwi_E_stackOverflow__C                             
000093b0  ti_sysbios_heaps_HeapMem_A_align__C                               
000093b4  ti_sysbios_heaps_HeapMem_A_heapSize__C                            
000093b8  ti_sysbios_heaps_HeapMem_A_invalidFree__C                         
000093bc  ti_sysbios_heaps_HeapMem_A_zeroBlock__C                           
000093c0  ti_sysbios_heaps_HeapMem_E_memory__C                              
000093c4  ti_sysbios_heaps_HeapMem_Module__diagsEnabled__C                  
000093c8  ti_sysbios_heaps_HeapMem_Module__diagsIncluded__C                 
000093cc  ti_sysbios_heaps_HeapMem_Module__diagsMask__C                     
000093d0  ti_sysbios_heaps_HeapMem_Module__gateObj__C                       
000093d4  ti_sysbios_heaps_HeapMem_Object__count__C                         
000093d8  ti_sysbios_heaps_HeapMem_reqAlign__C                              
000093dc  ti_sysbios_knl_Clock_A_badThreadType__C                           
000093e0  ti_sysbios_knl_Clock_LM_begin__C                                  
000093e4  ti_sysbios_knl_Clock_LM_tick__C                                   
000093e8  ti_sysbios_knl_Clock_LW_delayed__C                                
000093ec  ti_sysbios_knl_Clock_Module_State_clockQ__O                       
000093f0  ti_sysbios_knl_Clock_Module__diagsEnabled__C                      
000093f4  ti_sysbios_knl_Clock_Module__diagsIncluded__C                     
000093f8  ti_sysbios_knl_Clock_Module__diagsMask__C                         
000093fc  ti_sysbios_knl_Clock_Module__loggerFxn1__C                        
00009400  ti_sysbios_knl_Clock_Module__loggerFxn2__C                        
00009404  ti_sysbios_knl_Clock_Module__loggerObj__C                         
00009408  ti_sysbios_knl_Mailbox_Instance_State_freeQue__O                  
0000940c  ti_sysbios_knl_Mailbox_Object__count__C                           
00009410  ti_sysbios_knl_Mailbox_maxTypeAlign__C                            
00009414  ti_sysbios_knl_Semaphore_A_badContext__C                          
00009418  ti_sysbios_knl_Semaphore_A_noEvents__C                            
0000941c  ti_sysbios_knl_Semaphore_A_overflow__C                            
00009420  ti_sysbios_knl_Semaphore_A_pendTaskDisabled__C                    
00009424  ti_sysbios_knl_Semaphore_Instance_State_pendQ__O                  
00009428  ti_sysbios_knl_Semaphore_LM_pend__C                               
0000942c  ti_sysbios_knl_Semaphore_LM_post__C                               
00009430  ti_sysbios_knl_Semaphore_Module__diagsEnabled__C                  
00009434  ti_sysbios_knl_Semaphore_Module__diagsIncluded__C                 
00009438  ti_sysbios_knl_Semaphore_Module__diagsMask__C                     
0000943c  ti_sysbios_knl_Semaphore_Module__loggerFxn2__C                    
00009440  ti_sysbios_knl_Semaphore_Module__loggerFxn4__C                    
00009444  ti_sysbios_knl_Semaphore_Module__loggerObj__C                     
00009448  ti_sysbios_knl_Swi_LD_end__C                                      
0000944c  ti_sysbios_knl_Swi_LM_begin__C                                    
00009450  ti_sysbios_knl_Swi_LM_post__C                                     
00009454  ti_sysbios_knl_Swi_Module__diagsEnabled__C                        
00009458  ti_sysbios_knl_Swi_Module__diagsIncluded__C                       
0000945c  ti_sysbios_knl_Swi_Module__diagsMask__C                           
00009460  ti_sysbios_knl_Swi_Module__loggerFxn1__C                          
00009464  ti_sysbios_knl_Swi_Module__loggerFxn4__C                          
00009468  ti_sysbios_knl_Swi_Module__loggerObj__C                           
0000946c  ti_sysbios_knl_Swi_Object__count__C                               
00009470  ti_sysbios_knl_Task_A_badPriority__C                              
00009474  ti_sysbios_knl_Task_A_badTaskState__C                             
00009478  ti_sysbios_knl_Task_A_badThreadType__C                            
0000947c  ti_sysbios_knl_Task_A_noPendElem__C                               
00009480  ti_sysbios_knl_Task_E_spOutOfBounds__C                            
00009484  ti_sysbios_knl_Task_E_stackOverflow__C                            
00009488  ti_sysbios_knl_Task_LD_block__C                                   
0000948c  ti_sysbios_knl_Task_LD_exit__C                                    
00009490  ti_sysbios_knl_Task_LD_ready__C                                   
00009494  ti_sysbios_knl_Task_LM_switch__C                                  
00009498  ti_sysbios_knl_Task_Module_State_inactiveQ__O                     
0000949c  ti_sysbios_knl_Task_Module__diagsEnabled__C                       
000094a0  ti_sysbios_knl_Task_Module__diagsIncluded__C                      
000094a4  ti_sysbios_knl_Task_Module__diagsMask__C                          
000094a8  ti_sysbios_knl_Task_Module__loggerFxn2__C                         
000094ac  ti_sysbios_knl_Task_Module__loggerFxn4__C                         
000094b0  ti_sysbios_knl_Task_Module__loggerObj__C                          
000094b4  ti_sysbios_knl_Task_Object__count__C                              
000094b8  ti_sysbios_knl_Task_allBlockedFunc__C                             
000094bc  ti_sysbios_knl_Task_defaultStackHeap__C                           
000094c0  ti_sysbios_knl_Task_defaultStackSize__C                           
000094c4  ti_sysbios_knl_Task_numConstructedTasks__C                        
000094c8  ti_sysbios_utils_Load_LS_cpuLoad__C                               
000094cc  ti_sysbios_utils_Load_Module__diagsEnabled__C                     
000094d0  ti_sysbios_utils_Load_Module__diagsIncluded__C                    
000094d4  ti_sysbios_utils_Load_Module__diagsMask__C                        
000094d8  ti_sysbios_utils_Load_Module__loggerFxn1__C                       
000094dc  ti_sysbios_utils_Load_Module__loggerObj__C                        
000094e0  ti_sysbios_utils_Load_postUpdate__C                               
000094e4  ti_sysbios_utils_Load_windowInMs__C                               
000094e8  ti_uia_loggers_LoggerStopMode_Module__diagsEnabled__C             
000094ec  ti_uia_loggers_LoggerStopMode_Module__diagsIncluded__C            
000094f0  ti_uia_loggers_LoggerStopMode_Module__diagsMask__C                
000094f4  ti_uia_loggers_LoggerStopMode_Object__count__C                    
000094f8  ti_uia_runtime_ILoggerSnapshot_Interface__BASE__C                 
000094fc  ti_uia_runtime_IUIATransfer_Interface__BASE__C                    
00009500  xdc_runtime_Assert_E_assertFailed__C                              
00009504  xdc_runtime_Core_A_initializedParams__C                           
00009508  xdc_runtime_Core_Module__diagsEnabled__C                          
0000950c  xdc_runtime_Core_Module__diagsIncluded__C                         
00009510  xdc_runtime_Core_Module__diagsMask__C                             
00009514  xdc_runtime_Error_E_memory__C                                     
00009518  xdc_runtime_Error_Module__diagsEnabled__C                         
0000951c  xdc_runtime_Error_Module__diagsIncluded__C                        
00009520  xdc_runtime_Error_Module__diagsMask__C                            
00009524  xdc_runtime_Error_Module__loggerFxn8__C                           
00009528  xdc_runtime_Error_Module__loggerObj__C                            
0000952c  xdc_runtime_Error_policyFxn__C                                    
00009530  xdc_runtime_Error_raiseHook__C                                    
00009534  xdc_runtime_IFilterLogger_Interface__BASE__C                      
00009538  xdc_runtime_IGateProvider_Interface__BASE__C                      
0000953c  xdc_runtime_IHeap_Interface__BASE__C                              
00009540  xdc_runtime_ILogger_Interface__BASE__C                            
00009544  xdc_runtime_IModule_Interface__BASE__C                            
00009548  xdc_runtime_Log_L_error__C                                        
0000954c  xdc_runtime_LoggerBuf_E_badLevel__C                               
00009550  xdc_runtime_LoggerBuf_Module__gateObj__C                          
00009554  xdc_runtime_LoggerBuf_Object__count__C                            
00009558  xdc_runtime_LoggerBuf_statusLogger__C                             
0000955c  xdc_runtime_Memory_defaultHeapInstance__C                         
00009560  xdc_runtime_Startup_execImpl__C                                   
00009564  xdc_runtime_Startup_lastFxns__A                                   
00009568  xdc_runtime_Startup_maxPasses__C                                  
0000956c  xdc_runtime_Startup_sfxnRts__C                                    
00009570  xdc_runtime_Startup_sfxnTab__C                                    
00009574  xdc_runtime_SysMin_bufSize__C                                     
00009578  xdc_runtime_SysMin_outputFunc__C                                  
0000957c  xdc_runtime_System_Module__gateObj__C                             
00009580  xdc_runtime_System_abortFxn__C                                    
00009584  xdc_runtime_System_exitFxn__C                                     
00009588  xdc_runtime_System_extendFxn__C                                   
0000958c  xdc_runtime_System_maxAtexitHandlers__C                           
00009590  xdc_runtime_Text_charTab__C                                       
00009594  xdc_runtime_Text_nodeTab__C                                       
00009598  xdc_runtime_Text_visitRopeFxn__C                                  
0000959c  ti_catalog_arm_cortexm4_tiva_ce_Boot_Module__id__C                
0000959e  ti_sysbios_family_arm_lm4_TimestampProvider_useClockTimer__C      
000095a0  ti_sysbios_family_arm_m3_Hwi_Module__id__C                        
000095a2  ti_sysbios_family_arm_m3_Hwi_Module__loggerDefined__C             
000095a4  ti_sysbios_gates_GateMutex_Module__id__C                          
000095a6  ti_sysbios_hal_Hwi_Module__id__C                                  
000095a8  ti_sysbios_heaps_HeapMem_Module__id__C                            
000095aa  ti_sysbios_knl_Clock_Module__id__C                                
000095ac  ti_sysbios_knl_Clock_Module__loggerDefined__C                     
000095ae  ti_sysbios_knl_Semaphore_Module__id__C                            
000095b0  ti_sysbios_knl_Semaphore_Module__loggerDefined__C                 
000095b2  ti_sysbios_knl_Swi_Module__id__C                                  
000095b4  ti_sysbios_knl_Swi_Module__loggerDefined__C                       
000095b6  ti_sysbios_knl_Task_Module__id__C                                 
000095b8  ti_sysbios_knl_Task_Module__loggerDefined__C                      
000095ba  ti_sysbios_utils_Load_Module__id__C                               
000095bc  ti_sysbios_utils_Load_Module__loggerDefined__C                    
000095be  ti_sysbios_utils_Load_updateInIdle__C                             
000095c0  ti_uia_loggers_LoggerStopMode_Module__id__C                       
000095c2  ti_uia_loggers_LoggerStopMode_isTimestampEnabled__C               
000095c4  xdc_runtime_Core_Module__id__C                                    
000095c6  xdc_runtime_Error_Module__loggerDefined__C                        
000095c8  xdc_runtime_Error_maxDepth__C                                     
000095ca  xdc_runtime_LoggerBuf_Module__id__C                               
000095cc  xdc_runtime_LoggerBuf_filterByLevel__C                            
000095ce  xdc_runtime_Memory_Module__id__C                                  
000095d0  xdc_runtime_SysMin_flushAtExit__C                                 
000095d2  xdc_runtime_Text_isLoaded__C                                      
000095d4  xdc_runtime_Text_registryModsLastId__C                            
000095d6  xdc_runtime_Text_unnamedModsLastId__C                             
000095d8  xdc_runtime_Error_policy__C                                       
000095e0  __TI_static_base__                                                
00009864  __TI_Handler_Table_Base                                           
00009870  __TI_Handler_Table_Limit                                          
00009878  __TI_CINIT_Base                                                   
00009888  __TI_CINIT_Limit                                                  
20000000  ti_sysbios_family_arm_m3_Hwi_ramVectors                           
20000380  ti_sysbios_heaps_HeapMem_Instance_State_0_buf__A                  
20002380  ti_sysbios_knl_Task_Instance_State_0_stack__A                     
20002b80  ti_uia_loggers_LoggerStopMode_Instance_State_1_packetArray__A     
20002f80  ti_uia_loggers_LoggerStopMode_Instance_State_2_packetArray__A     
20003380  ti_sysbios_family_arm_m3_Hwi_dispatchTable                        
200036e0  parmbuf                                                           
200036e8  myHwi                                                             
200036ec  periodicClock                                                     
200036f0  periodicSem                                                       
200036f4  periodicTask                                                      
20003700  ti_uia_loggers_LoggerStopMode_Instance_State_0_packetArray__A     
20003900  xdc_runtime_LoggerBuf_Instance_State_0_entryArr__A                
20003b00  xdc_runtime_SysMin_Module_State_0_outbuf__A                       
20003d00  __CIOBUF_                                                         
20003e20  buffer                                                            
20003ea0  taskParams                                                        
20003f00  ti_uia_loggers_LoggerStopMode_Instance_State_0_hdr__A             
20003f30  hwiParams                                                         
20003f5c  clockParams                                                       
20003f80  ti_uia_loggers_LoggerStopMode_Instance_State_1_hdr__A             
20004000  ti_uia_loggers_LoggerStopMode_Instance_State_2_hdr__A             
20004030  ti_uia_loggers_LoggerStopMode_Object__table__V                    
200040cc  ti_sysbios_utils_Load_Module__state__V                            
20004164  ti_sysbios_family_arm_lm4_Timer_Object__table__V                  
200041e4  ti_sysbios_knl_Swi_Module_State_0_readyQ__A                       
20004264  ti_sysbios_knl_Task_Module_State_0_readyQ__A                      
200042e4  ti_sysbios_knl_Task_Object__table__V                              
20004340  ti_sysbios_knl_Task_Module__state__V                              
20004388  ti_sysbios_gates_GateMutex_Object__table__V                       
200043c0  latlongcommand                                                    
200043f4  ti_sysbios_family_arm_m3_Hwi_Module__state__V                     
20004428  ti_sysbios_family_arm_lm4_Timer_Module_State_0_device__A          
20004458  ti_sysbios_family_arm_m3_Hwi_Object__table__V                     
20004488  ti_sysbios_knl_Swi_Object__table__V                               
200044b8  ti_sysbios_knl_Clock_Module__state__V                             
200044e4  ti_sysbios_BIOS_Module__state__V                                  
20004508  xdc_runtime_LoggerBuf_Object__table__V                            
2000452c  xdc_runtime_Error_IgnoreBlock                                     
2000454c  ti_sysbios_knl_Swi_Module__state__V                               
20004568  ti_sysbios_family_arm_lm4_Timer_Module_State_0_handles__A         
20004580  ti_sysbios_heaps_HeapMem_Object__table__V                         
20004598  baudcommand                                                       
200045ab  latencycommand                                                    
200045be  ti_sysbios_family_arm_m3_Hwi_Module_State_0_excActive__A          
200045c0  xdc_runtime_System_Module_State_0_atexitHandlers__A               
200045d0  messageStarted                                                    
200045d4  readIndex                                                         
200045d8  writeIndex                                                        
200045dc  ti_sysbios_family_arm_lm4_Timer_Module__state__V                  
200045e8  ti_sysbios_knl_Task_Module__root__V                               
200045f4  ti_uia_runtime_QueueDescriptor_Module__state__V                   
20004600  xdc_runtime_SysMin_Module__state__V                               
2000460c  _lock                                                             
20004610  _unlock                                                           
20004614  ti_uia_runtime_QueueDescriptor_gPtrToFirstDescriptor              
20004618  ti_uia_runtime_QueueDescriptor_gUpdateCount                       
2000461c  ti_sysbios_family_arm_lm4_TimestampProvider_Module__state__V      
20004624  ti_sysbios_family_arm_m3_Hwi_Module__root__V                      
2000462c  ti_sysbios_gates_GateHwi_Module__root__V                          
20004634  ti_sysbios_gates_GateMutex_Module__root__V                        
2000463c  ti_sysbios_hal_Hwi_Module__root__V                                
20004644  ti_sysbios_heaps_HeapMem_Module__root__V                          
2000464c  ti_sysbios_knl_Clock_Module__root__V                              
20004654  ti_sysbios_knl_Queue_Module__root__V                              
2000465c  ti_sysbios_knl_Semaphore_Module__root__V                          
20004664  ti_uia_loggers_LoggerStopMode_Module__root__V                     
2000466c  xdc_runtime_LoggerBuf_Module__root__V                             
20004674  xdc_runtime_Registry_Module__state__V                             
2000467c  xdc_runtime_Startup_Module__state__V                              
20004684  xdc_runtime_System_Module__state__V                               
2000468c  xdc_runtime_LoggerBuf_Module__state__V                            
20004692  xdc_runtime_Error_Module__state__V                                
20004694  main_func_sp                                                      
20004698  ti_sysbios_family_arm_m3_Hwi_Module_State_0_excContext__A         
2000469c  ti_sysbios_family_arm_m3_Hwi_Module_State_0_excStack__A           
200046a0  ti_sysbios_gates_GateHwi_Object__table__V                         
200046a4  ti_sysbios_knl_Task_Module_State_0_idleTask__A                    
200046a8  ti_sysbios_utils_Load_Module_State_0_runningTask__A               
200046ac  ti_sysbios_utils_Load_Module_State_0_taskStartTime__A             
200046b0  xdc_runtime_Memory_Module__state__V                               
200046b8  __stack                                                           
20004ab8  __STACK_END                                                       
e000e000  ti_sysbios_family_arm_m3_Hwi_nvic                                 
ffffffff  __TI_pprof_out_hndl                                               
ffffffff  __TI_prof_data_size                                               
ffffffff  __TI_prof_data_start                                              
ffffffff  __binit__                                                         
ffffffff  __c_args__                                                        
ffffffff  binit                                                             
UNDEFED   SHT$$INIT_ARRAY$$Base                                             
UNDEFED   SHT$$INIT_ARRAY$$Limit                                            

[722 symbols]
